<?xml version="1.0"?>
<link_info>
   <banner>TI ARM Linker PC v15.12.3.LTS</banner>
   <copyright>Copyright (c) 1996-2015 Texas Instruments Incorporated</copyright>
   <link_time>0x581dcd94</link_time>
   <link_errors>0x0</link_errors>
   <output_file>uart0_test.out</output_file>
   <entry_point>
      <name>_c_int00</name>
      <address>0x6e5</address>
   </entry_point>
   <input_file_list>
      <input_file id="fl-2">
         <path>.\</path>
         <kind>object</kind>
         <file>main.obj</file>
         <name>main.obj</name>
      </input_file>
      <input_file id="fl-3">
         <path>.\</path>
         <kind>object</kind>
         <file>pll.obj</file>
         <name>pll.obj</name>
      </input_file>
      <input_file id="fl-4">
         <path>.\</path>
         <kind>object</kind>
         <file>portF.obj</file>
         <name>portF.obj</name>
      </input_file>
      <input_file id="fl-5">
         <path>.\</path>
         <kind>object</kind>
         <file>systick.obj</file>
         <name>systick.obj</name>
      </input_file>
      <input_file id="fl-6">
         <path>.\</path>
         <kind>object</kind>
         <file>tm4c123gh6pm_startup_ccs.obj</file>
         <name>tm4c123gh6pm_startup_ccs.obj</name>
      </input_file>
      <input_file id="fl-7">
         <path>.\</path>
         <kind>object</kind>
         <file>uart0.obj</file>
         <name>uart0.obj</name>
      </input_file>
      <input_file id="fl-c1">
         <path>C:\ti\ccsv6\tools\compiler\arm_15.12.3.LTS\lib\</path>
         <kind>archive</kind>
         <file>rtsv7M4_T_le_v4SPD16_eabi.lib</file>
         <name>boot.obj</name>
      </input_file>
      <input_file id="fl-c2">
         <path>C:\ti\ccsv6\tools\compiler\arm_15.12.3.LTS\lib\</path>
         <kind>archive</kind>
         <file>rtsv7M4_T_le_v4SPD16_eabi.lib</file>
         <name>copy_decompress_none.obj</name>
      </input_file>
      <input_file id="fl-c3">
         <path>C:\ti\ccsv6\tools\compiler\arm_15.12.3.LTS\lib\</path>
         <kind>archive</kind>
         <file>rtsv7M4_T_le_v4SPD16_eabi.lib</file>
         <name>copy_decompress_rle.obj</name>
      </input_file>
      <input_file id="fl-c4">
         <path>C:\ti\ccsv6\tools\compiler\arm_15.12.3.LTS\lib\</path>
         <kind>archive</kind>
         <file>rtsv7M4_T_le_v4SPD16_eabi.lib</file>
         <name>copy_zero_init.obj</name>
      </input_file>
      <input_file id="fl-c5">
         <path>C:\ti\ccsv6\tools\compiler\arm_15.12.3.LTS\lib\</path>
         <kind>archive</kind>
         <file>rtsv7M4_T_le_v4SPD16_eabi.lib</file>
         <name>exit.obj</name>
      </input_file>
      <input_file id="fl-c6">
         <path>C:\ti\ccsv6\tools\compiler\arm_15.12.3.LTS\lib\</path>
         <kind>archive</kind>
         <file>rtsv7M4_T_le_v4SPD16_eabi.lib</file>
         <name>memcpy_t2.obj</name>
      </input_file>
      <input_file id="fl-c7">
         <path>C:\ti\ccsv6\tools\compiler\arm_15.12.3.LTS\lib\</path>
         <kind>archive</kind>
         <file>rtsv7M4_T_le_v4SPD16_eabi.lib</file>
         <name>memset_t2.obj</name>
      </input_file>
      <input_file id="fl-c8">
         <path>C:\ti\ccsv6\tools\compiler\arm_15.12.3.LTS\lib\</path>
         <kind>archive</kind>
         <file>rtsv7M4_T_le_v4SPD16_eabi.lib</file>
         <name>mpu_init.obj</name>
      </input_file>
      <input_file id="fl-c9">
         <path>C:\ti\ccsv6\tools\compiler\arm_15.12.3.LTS\lib\</path>
         <kind>archive</kind>
         <file>rtsv7M4_T_le_v4SPD16_eabi.lib</file>
         <name>pre_init.obj</name>
      </input_file>
      <input_file id="fl-ca">
         <path>C:\ti\ccsv6\tools\compiler\arm_15.12.3.LTS\lib\</path>
         <kind>archive</kind>
         <file>rtsv7M4_T_le_v4SPD16_eabi.lib</file>
         <name>stkdepth_vars.obj</name>
      </input_file>
      <input_file id="fl-cb">
         <path>C:\ti\ccsv6\tools\compiler\arm_15.12.3.LTS\lib\</path>
         <kind>archive</kind>
         <file>rtsv7M4_T_le_v4SPD16_eabi.lib</file>
         <name>_lock.obj</name>
      </input_file>
      <input_file id="fl-cc">
         <path>C:\ti\ccsv6\tools\compiler\arm_15.12.3.LTS\lib\</path>
         <kind>archive</kind>
         <file>rtsv7M4_T_le_v4SPD16_eabi.lib</file>
         <name>args_main.obj</name>
      </input_file>
      <input_file id="fl-cd">
         <path>C:\ti\ccsv6\tools\compiler\arm_15.12.3.LTS\lib\</path>
         <kind>archive</kind>
         <file>rtsv7M4_T_le_v4SPD16_eabi.lib</file>
         <name>autoinit.obj</name>
      </input_file>
      <input_file id="fl-ce">
         <path>C:\ti\ccsv6\tools\compiler\arm_15.12.3.LTS\lib\</path>
         <kind>archive</kind>
         <file>rtsv7M4_T_le_v4SPD16_eabi.lib</file>
         <name>cpy_tbl.obj</name>
      </input_file>
      <input_file id="fl-cf">
         <path>C:\ti\ccsv6\tools\compiler\arm_15.12.3.LTS\lib\</path>
         <kind>archive</kind>
         <file>rtsv7M4_T_le_v4SPD16_eabi.lib</file>
         <name>startup.obj</name>
      </input_file>
   </input_file_list>
   <object_component_list>
      <object_component id="oc-f">
         <name>.intvecs</name>
         <load_address>0x0</load_address>
         <run_address>0x0</run_address>
         <size>0x26c</size>
         <input_file_ref idref="fl-6"/>
      </object_component>
      <object_component id="oc-88">
         <name>.text</name>
         <load_address>0x26c</load_address>
         <run_address>0x26c</run_address>
         <size>0x100</size>
         <input_file_ref idref="fl-7"/>
      </object_component>
      <object_component id="oc-31">
         <name>.text</name>
         <load_address>0x36c</load_address>
         <run_address>0x36c</run_address>
         <size>0xa0</size>
         <input_file_ref idref="fl-2"/>
      </object_component>
      <object_component id="oc-3a">
         <name>.text</name>
         <load_address>0x40c</load_address>
         <run_address>0x40c</run_address>
         <size>0x9c</size>
         <input_file_ref idref="fl-c6"/>
      </object_component>
      <object_component id="oc-53">
         <name>.text</name>
         <load_address>0x4a8</load_address>
         <run_address>0x4a8</run_address>
         <size>0x7a</size>
         <input_file_ref idref="fl-c7"/>
      </object_component>
      <object_component id="oc-5f">
         <name>.text</name>
         <load_address>0x522</load_address>
         <run_address>0x522</run_address>
         <size>0x2</size>
         <input_file_ref idref="fl-c8"/>
      </object_component>
      <object_component id="oc-82">
         <name>.text</name>
         <load_address>0x524</load_address>
         <run_address>0x524</run_address>
         <size>0x74</size>
         <input_file_ref idref="fl-3"/>
      </object_component>
      <object_component id="oc-8e">
         <name>.text</name>
         <load_address>0x598</load_address>
         <run_address>0x598</run_address>
         <size>0x70</size>
         <input_file_ref idref="fl-4"/>
      </object_component>
      <object_component id="oc-6b">
         <name>.text</name>
         <load_address>0x608</load_address>
         <run_address>0x608</run_address>
         <size>0x70</size>
         <input_file_ref idref="fl-cd"/>
      </object_component>
      <object_component id="oc-46">
         <name>.text</name>
         <load_address>0x678</load_address>
         <run_address>0x678</run_address>
         <size>0x6a</size>
         <input_file_ref idref="fl-c3"/>
      </object_component>
      <object_component id="oc-c5">
         <name>.text</name>
         <load_address>0x6e2</load_address>
         <run_address>0x6e2</run_address>
         <size>0x2</size>
         <input_file_ref idref="fl-cf"/>
      </object_component>
      <object_component id="oc-24">
         <name>.text</name>
         <load_address>0x6e4</load_address>
         <run_address>0x6e4</run_address>
         <size>0x54</size>
         <input_file_ref idref="fl-c1"/>
      </object_component>
      <object_component id="oc-77">
         <name>.text</name>
         <load_address>0x738</load_address>
         <run_address>0x738</run_address>
         <size>0x54</size>
         <input_file_ref idref="fl-c5"/>
      </object_component>
      <object_component id="oc-bf">
         <name>.text</name>
         <load_address>0x78c</load_address>
         <run_address>0x78c</run_address>
         <size>0x4c</size>
         <input_file_ref idref="fl-ce"/>
      </object_component>
      <object_component id="oc-94">
         <name>.text</name>
         <load_address>0x7d8</load_address>
         <run_address>0x7d8</run_address>
         <size>0x48</size>
         <input_file_ref idref="fl-5"/>
      </object_component>
      <object_component id="oc-71">
         <name>.text</name>
         <load_address>0x820</load_address>
         <run_address>0x820</run_address>
         <size>0x18</size>
         <input_file_ref idref="fl-cc"/>
      </object_component>
      <object_component id="oc-f9">
         <name>.text</name>
         <load_address>0x838</load_address>
         <run_address>0x838</run_address>
         <size>0x14</size>
         <input_file_ref idref="fl-cb"/>
      </object_component>
      <object_component id="oc-12">
         <name>.text:decompress:none</name>
         <load_address>0x84c</load_address>
         <run_address>0x84c</run_address>
         <size>0xe</size>
         <input_file_ref idref="fl-c2"/>
      </object_component>
      <object_component id="oc-2b">
         <name>.text</name>
         <load_address>0x85a</load_address>
         <run_address>0x85a</run_address>
         <size>0xc</size>
         <input_file_ref idref="fl-6"/>
      </object_component>
      <object_component id="oc-18">
         <name>.text:decompress:rle24</name>
         <load_address>0x866</load_address>
         <run_address>0x866</run_address>
         <size>0x6</size>
         <input_file_ref idref="fl-c3"/>
      </object_component>
      <object_component id="oc-65">
         <name>.text</name>
         <load_address>0x86c</load_address>
         <run_address>0x86c</run_address>
         <size>0x4</size>
         <input_file_ref idref="fl-c9"/>
      </object_component>
      <object_component id="oc-132">
         <name>.cinit..data.load</name>
         <load_address>0x870</load_address>
         <run_address>0x870</run_address>
         <size>0x16</size>
      </object_component>
      <object_component id="oc-133">
         <name>.cinit..bss.load</name>
         <load_address>0x888</load_address>
         <run_address>0x888</run_address>
         <size>0x9</size>
      </object_component>
      <object_component id="oc-130">
         <name>__TI_handler_table</name>
         <load_address>0x894</load_address>
         <run_address>0x894</run_address>
         <size>0x8</size>
      </object_component>
      <object_component id="oc-131">
         <name>__TI_cinit_table</name>
         <load_address>0x89c</load_address>
         <run_address>0x89c</run_address>
         <size>0x10</size>
      </object_component>
      <object_component id="oc-cf">
         <name>.data:$O1$$</name>
         <load_address>0x20000200</load_address>
         <run_address>0x20000200</run_address>
         <size>0xc</size>
         <input_file_ref idref="fl-c5"/>
      </object_component>
      <object_component id="oc-7d">
         <name>.data</name>
         <load_address>0x20000214</load_address>
         <run_address>0x20000214</run_address>
         <size>0x4</size>
         <input_file_ref idref="fl-ca"/>
      </object_component>
      <object_component id="oc-d2">
         <name>.data:$O1$$</name>
         <load_address>0x2000020c</load_address>
         <run_address>0x2000020c</run_address>
         <size>0x8</size>
         <input_file_ref idref="fl-cb"/>
      </object_component>
      <object_component id="oc-9a">
         <name>.common:led</name>
         <uninitialized>true</uninitialized>
         <run_address>0x20000218</run_address>
         <size>0x4</size>
      </object_component>
      <object_component id="oc-2a">
         <name>.stack</name>
         <uninitialized>true</uninitialized>
         <run_address>0x20000000</run_address>
         <size>0x0</size>
         <input_file_ref idref="fl-c1"/>
      </object_component>
      <object_component id="oc-134">
         <name>.stack</name>
         <uninitialized>true</uninitialized>
         <run_address>0x20000000</run_address>
         <size>0x0</size>
      </object_component>
      <object_component id="oc-9b">
         <name>.debug_info</name>
         <load_address>0x0</load_address>
         <run_address>0x0</run_address>
         <size>0x1c2</size>
         <input_file_ref idref="fl-2"/>
      </object_component>
      <object_component id="oc-32">
         <name>.debug_info</name>
         <load_address>0x1c2</load_address>
         <run_address>0x1c2</run_address>
         <size>0x1b1</size>
         <input_file_ref idref="fl-2"/>
      </object_component>
      <object_component id="oc-9e">
         <name>.debug_info</name>
         <load_address>0x373</load_address>
         <run_address>0x373</run_address>
         <size>0x84</size>
         <input_file_ref idref="fl-2"/>
      </object_component>
      <object_component id="oc-a5">
         <name>.debug_info</name>
         <load_address>0x3f7</load_address>
         <run_address>0x3f7</run_address>
         <size>0x18b</size>
         <input_file_ref idref="fl-2"/>
      </object_component>
      <object_component id="oc-83">
         <name>.debug_info</name>
         <load_address>0x582</load_address>
         <run_address>0x582</run_address>
         <size>0xf2</size>
         <input_file_ref idref="fl-3"/>
      </object_component>
      <object_component id="oc-8f">
         <name>.debug_info</name>
         <load_address>0x674</load_address>
         <run_address>0x674</run_address>
         <size>0xfc</size>
         <input_file_ref idref="fl-4"/>
      </object_component>
      <object_component id="oc-95">
         <name>.debug_info</name>
         <load_address>0x770</load_address>
         <run_address>0x770</run_address>
         <size>0x131</size>
         <input_file_ref idref="fl-5"/>
      </object_component>
      <object_component id="oc-39">
         <name>.debug_info</name>
         <load_address>0x8a1</load_address>
         <run_address>0x8a1</run_address>
         <size>0x122</size>
         <input_file_ref idref="fl-6"/>
      </object_component>
      <object_component id="oc-10">
         <name>.debug_info</name>
         <load_address>0x9c3</load_address>
         <run_address>0x9c3</run_address>
         <size>0xe7</size>
         <input_file_ref idref="fl-6"/>
      </object_component>
      <object_component id="oc-2c">
         <name>.debug_info</name>
         <load_address>0xaaa</load_address>
         <run_address>0xaaa</run_address>
         <size>0x263</size>
         <input_file_ref idref="fl-6"/>
      </object_component>
      <object_component id="oc-dc">
         <name>.debug_info</name>
         <load_address>0xd0d</load_address>
         <run_address>0xd0d</run_address>
         <size>0xb1</size>
         <input_file_ref idref="fl-7"/>
      </object_component>
      <object_component id="oc-89">
         <name>.debug_info</name>
         <load_address>0xdbe</load_address>
         <run_address>0xdbe</run_address>
         <size>0x269</size>
         <input_file_ref idref="fl-7"/>
      </object_component>
      <object_component id="oc-25">
         <name>.debug_info</name>
         <load_address>0x1027</load_address>
         <run_address>0x1027</run_address>
         <size>0x161</size>
         <input_file_ref idref="fl-c1"/>
      </object_component>
      <object_component id="oc-45">
         <name>.debug_info</name>
         <load_address>0x1188</load_address>
         <run_address>0x1188</run_address>
         <size>0x141</size>
         <input_file_ref idref="fl-c2"/>
      </object_component>
      <object_component id="oc-16">
         <name>.debug_info</name>
         <load_address>0x12c9</load_address>
         <run_address>0x12c9</run_address>
         <size>0x1e0</size>
         <input_file_ref idref="fl-c2"/>
      </object_component>
      <object_component id="oc-40">
         <name>.debug_info</name>
         <load_address>0x14a9</load_address>
         <run_address>0x14a9</run_address>
         <size>0x46</size>
         <input_file_ref idref="fl-c2"/>
      </object_component>
      <object_component id="oc-ab">
         <name>.debug_info</name>
         <load_address>0x14ef</load_address>
         <run_address>0x14ef</run_address>
         <size>0x2c</size>
         <input_file_ref idref="fl-c2"/>
      </object_component>
      <object_component id="oc-4d">
         <name>.debug_info</name>
         <load_address>0x151b</load_address>
         <run_address>0x151b</run_address>
         <size>0x135</size>
         <input_file_ref idref="fl-c3"/>
      </object_component>
      <object_component id="oc-47">
         <name>.debug_info</name>
         <load_address>0x1650</load_address>
         <run_address>0x1650</run_address>
         <size>0x248</size>
         <input_file_ref idref="fl-c3"/>
      </object_component>
      <object_component id="oc-19">
         <name>.debug_info</name>
         <load_address>0x1898</load_address>
         <run_address>0x1898</run_address>
         <size>0x1b2</size>
         <input_file_ref idref="fl-c3"/>
      </object_component>
      <object_component id="oc-4e">
         <name>.debug_info</name>
         <load_address>0x1a4a</load_address>
         <run_address>0x1a4a</run_address>
         <size>0x39</size>
         <input_file_ref idref="fl-c3"/>
      </object_component>
      <object_component id="oc-b5">
         <name>.debug_info</name>
         <load_address>0x1a83</load_address>
         <run_address>0x1a83</run_address>
         <size>0x2c</size>
         <input_file_ref idref="fl-c3"/>
      </object_component>
      <object_component id="oc-d6">
         <name>.debug_info</name>
         <load_address>0x1aaf</load_address>
         <run_address>0x1aaf</run_address>
         <size>0x235</size>
         <input_file_ref idref="fl-c5"/>
      </object_component>
      <object_component id="oc-d0">
         <name>.debug_info</name>
         <load_address>0x1ce4</load_address>
         <run_address>0x1ce4</run_address>
         <size>0x186</size>
         <input_file_ref idref="fl-c5"/>
      </object_component>
      <object_component id="oc-78">
         <name>.debug_info</name>
         <load_address>0x1e6a</load_address>
         <run_address>0x1e6a</run_address>
         <size>0x215</size>
         <input_file_ref idref="fl-c5"/>
      </object_component>
      <object_component id="oc-3b">
         <name>.debug_info</name>
         <load_address>0x207f</load_address>
         <run_address>0x207f</run_address>
         <size>0x112</size>
         <input_file_ref idref="fl-c6"/>
      </object_component>
      <object_component id="oc-54">
         <name>.debug_info</name>
         <load_address>0x2191</load_address>
         <run_address>0x2191</run_address>
         <size>0x140</size>
         <input_file_ref idref="fl-c7"/>
      </object_component>
      <object_component id="oc-61">
         <name>.debug_info</name>
         <load_address>0x22d1</load_address>
         <run_address>0x22d1</run_address>
         <size>0x139</size>
         <input_file_ref idref="fl-c8"/>
      </object_component>
      <object_component id="oc-66">
         <name>.debug_info</name>
         <load_address>0x240a</load_address>
         <run_address>0x240a</run_address>
         <size>0x149</size>
         <input_file_ref idref="fl-c9"/>
      </object_component>
      <object_component id="oc-7e">
         <name>.debug_info</name>
         <load_address>0x2553</load_address>
         <run_address>0x2553</run_address>
         <size>0x10a</size>
         <input_file_ref idref="fl-ca"/>
      </object_component>
      <object_component id="oc-101">
         <name>.debug_info</name>
         <load_address>0x265d</load_address>
         <run_address>0x265d</run_address>
         <size>0x125</size>
         <input_file_ref idref="fl-cb"/>
      </object_component>
      <object_component id="oc-d3">
         <name>.debug_info</name>
         <load_address>0x2782</load_address>
         <run_address>0x2782</run_address>
         <size>0x114</size>
         <input_file_ref idref="fl-cb"/>
      </object_component>
      <object_component id="oc-fa">
         <name>.debug_info</name>
         <load_address>0x2896</load_address>
         <run_address>0x2896</run_address>
         <size>0x220</size>
         <input_file_ref idref="fl-cb"/>
      </object_component>
      <object_component id="oc-ce">
         <name>.debug_info</name>
         <load_address>0x2ab6</load_address>
         <run_address>0x2ab6</run_address>
         <size>0x167</size>
         <input_file_ref idref="fl-cc"/>
      </object_component>
      <object_component id="oc-72">
         <name>.debug_info</name>
         <load_address>0x2c1d</load_address>
         <run_address>0x2c1d</run_address>
         <size>0x168</size>
         <input_file_ref idref="fl-cc"/>
      </object_component>
      <object_component id="oc-f2">
         <name>.debug_info</name>
         <load_address>0x2d85</load_address>
         <run_address>0x2d85</run_address>
         <size>0x5e</size>
         <input_file_ref idref="fl-cc"/>
      </object_component>
      <object_component id="oc-cc">
         <name>.debug_info</name>
         <load_address>0x2de3</load_address>
         <run_address>0x2de3</run_address>
         <size>0x2ea</size>
         <input_file_ref idref="fl-cd"/>
      </object_component>
      <object_component id="oc-6c">
         <name>.debug_info</name>
         <load_address>0x30cd</load_address>
         <run_address>0x30cd</run_address>
         <size>0x191</size>
         <input_file_ref idref="fl-cd"/>
      </object_component>
      <object_component id="oc-e6">
         <name>.debug_info</name>
         <load_address>0x325e</load_address>
         <run_address>0x325e</run_address>
         <size>0x39</size>
         <input_file_ref idref="fl-cd"/>
      </object_component>
      <object_component id="oc-eb">
         <name>.debug_info</name>
         <load_address>0x3297</load_address>
         <run_address>0x3297</run_address>
         <size>0xcd</size>
         <input_file_ref idref="fl-cd"/>
      </object_component>
      <object_component id="oc-e2">
         <name>.debug_info</name>
         <load_address>0x3364</load_address>
         <run_address>0x3364</run_address>
         <size>0x1e1</size>
         <input_file_ref idref="fl-ce"/>
      </object_component>
      <object_component id="oc-c0">
         <name>.debug_info</name>
         <load_address>0x3545</load_address>
         <run_address>0x3545</run_address>
         <size>0x184</size>
         <input_file_ref idref="fl-ce"/>
      </object_component>
      <object_component id="oc-109">
         <name>.debug_info</name>
         <load_address>0x36c9</load_address>
         <run_address>0x36c9</run_address>
         <size>0x2c</size>
         <input_file_ref idref="fl-ce"/>
      </object_component>
      <object_component id="oc-c6">
         <name>.debug_info</name>
         <load_address>0x36f5</load_address>
         <run_address>0x36f5</run_address>
         <size>0x146</size>
         <input_file_ref idref="fl-cf"/>
      </object_component>
      <object_component id="oc-135">
         <name>.debug_info</name>
         <load_address>0x383b</load_address>
         <run_address>0x383b</run_address>
         <size>0x9d</size>
      </object_component>
      <object_component id="oc-e0">
         <name>.debug_line</name>
         <load_address>0x0</load_address>
         <run_address>0x0</run_address>
         <size>0x65</size>
         <input_file_ref idref="fl-2"/>
      </object_component>
      <object_component id="oc-35">
         <name>.debug_line</name>
         <load_address>0x65</load_address>
         <run_address>0x65</run_address>
         <size>0x7d</size>
         <input_file_ref idref="fl-2"/>
      </object_component>
      <object_component id="oc-a1">
         <name>.debug_line</name>
         <load_address>0xe2</load_address>
         <run_address>0xe2</run_address>
         <size>0x20</size>
         <input_file_ref idref="fl-2"/>
      </object_component>
      <object_component id="oc-a8">
         <name>.debug_line</name>
         <load_address>0x102</load_address>
         <run_address>0x102</run_address>
         <size>0x5f</size>
         <input_file_ref idref="fl-2"/>
      </object_component>
      <object_component id="oc-86">
         <name>.debug_line</name>
         <load_address>0x161</load_address>
         <run_address>0x161</run_address>
         <size>0x4e</size>
         <input_file_ref idref="fl-3"/>
      </object_component>
      <object_component id="oc-92">
         <name>.debug_line</name>
         <load_address>0x1af</load_address>
         <run_address>0x1af</run_address>
         <size>0x51</size>
         <input_file_ref idref="fl-4"/>
      </object_component>
      <object_component id="oc-98">
         <name>.debug_line</name>
         <load_address>0x200</load_address>
         <run_address>0x200</run_address>
         <size>0x49</size>
         <input_file_ref idref="fl-5"/>
      </object_component>
      <object_component id="oc-a4">
         <name>.debug_line</name>
         <load_address>0x249</load_address>
         <run_address>0x249</run_address>
         <size>0x41</size>
         <input_file_ref idref="fl-6"/>
      </object_component>
      <object_component id="oc-38">
         <name>.debug_line</name>
         <load_address>0x28a</load_address>
         <run_address>0x28a</run_address>
         <size>0x41</size>
         <input_file_ref idref="fl-6"/>
      </object_component>
      <object_component id="oc-2f">
         <name>.debug_line</name>
         <load_address>0x2cb</load_address>
         <run_address>0x2cb</run_address>
         <size>0xa1</size>
         <input_file_ref idref="fl-6"/>
      </object_component>
      <object_component id="oc-106">
         <name>.debug_line</name>
         <load_address>0x36c</load_address>
         <run_address>0x36c</run_address>
         <size>0x20</size>
         <input_file_ref idref="fl-7"/>
      </object_component>
      <object_component id="oc-8c">
         <name>.debug_line</name>
         <load_address>0x38c</load_address>
         <run_address>0x38c</run_address>
         <size>0xb6</size>
         <input_file_ref idref="fl-7"/>
      </object_component>
      <object_component id="oc-28">
         <name>.debug_line</name>
         <load_address>0x442</load_address>
         <run_address>0x442</run_address>
         <size>0x53</size>
         <input_file_ref idref="fl-c1"/>
      </object_component>
      <object_component id="oc-b1">
         <name>.debug_line</name>
         <load_address>0x495</load_address>
         <run_address>0x495</run_address>
         <size>0x8a</size>
         <input_file_ref idref="fl-c2"/>
      </object_component>
      <object_component id="oc-13">
         <name>.debug_line</name>
         <load_address>0x51f</load_address>
         <run_address>0x51f</run_address>
         <size>0x55</size>
         <input_file_ref idref="fl-c2"/>
      </object_component>
      <object_component id="oc-43">
         <name>.debug_line</name>
         <load_address>0x574</load_address>
         <run_address>0x574</run_address>
         <size>0x3a</size>
         <input_file_ref idref="fl-c2"/>
      </object_component>
      <object_component id="oc-ae">
         <name>.debug_line</name>
         <load_address>0x5ae</load_address>
         <run_address>0x5ae</run_address>
         <size>0x8a</size>
         <input_file_ref idref="fl-c2"/>
      </object_component>
      <object_component id="oc-b4">
         <name>.debug_line</name>
         <load_address>0x638</load_address>
         <run_address>0x638</run_address>
         <size>0x8a</size>
         <input_file_ref idref="fl-c3"/>
      </object_component>
      <object_component id="oc-4a">
         <name>.debug_line</name>
         <load_address>0x6c2</load_address>
         <run_address>0x6c2</run_address>
         <size>0x98</size>
         <input_file_ref idref="fl-c3"/>
      </object_component>
      <object_component id="oc-1c">
         <name>.debug_line</name>
         <load_address>0x75a</load_address>
         <run_address>0x75a</run_address>
         <size>0x4b</size>
         <input_file_ref idref="fl-c3"/>
      </object_component>
      <object_component id="oc-51">
         <name>.debug_line</name>
         <load_address>0x7a5</load_address>
         <run_address>0x7a5</run_address>
         <size>0x39</size>
         <input_file_ref idref="fl-c3"/>
      </object_component>
      <object_component id="oc-b8">
         <name>.debug_line</name>
         <load_address>0x7de</load_address>
         <run_address>0x7de</run_address>
         <size>0x8a</size>
         <input_file_ref idref="fl-c3"/>
      </object_component>
      <object_component id="oc-104">
         <name>.debug_line</name>
         <load_address>0x868</load_address>
         <run_address>0x868</run_address>
         <size>0xf2</size>
         <input_file_ref idref="fl-c5"/>
      </object_component>
      <object_component id="oc-f8">
         <name>.debug_line</name>
         <load_address>0x95a</load_address>
         <run_address>0x95a</run_address>
         <size>0x2a</size>
         <input_file_ref idref="fl-c5"/>
      </object_component>
      <object_component id="oc-7b">
         <name>.debug_line</name>
         <load_address>0x984</load_address>
         <run_address>0x984</run_address>
         <size>0x86</size>
         <input_file_ref idref="fl-c5"/>
      </object_component>
      <object_component id="oc-3e">
         <name>.debug_line</name>
         <load_address>0xa0a</load_address>
         <run_address>0xa0a</run_address>
         <size>0x88</size>
         <input_file_ref idref="fl-c6"/>
      </object_component>
      <object_component id="oc-57">
         <name>.debug_line</name>
         <load_address>0xa92</load_address>
         <run_address>0xa92</run_address>
         <size>0x79</size>
         <input_file_ref idref="fl-c7"/>
      </object_component>
      <object_component id="oc-60">
         <name>.debug_line</name>
         <load_address>0xb0b</load_address>
         <run_address>0xb0b</run_address>
         <size>0x3d</size>
         <input_file_ref idref="fl-c8"/>
      </object_component>
      <object_component id="oc-69">
         <name>.debug_line</name>
         <load_address>0xb48</load_address>
         <run_address>0xb48</run_address>
         <size>0x40</size>
         <input_file_ref idref="fl-c9"/>
      </object_component>
      <object_component id="oc-d9">
         <name>.debug_line</name>
         <load_address>0xb88</load_address>
         <run_address>0xb88</run_address>
         <size>0x33</size>
         <input_file_ref idref="fl-ca"/>
      </object_component>
      <object_component id="oc-110">
         <name>.debug_line</name>
         <load_address>0xbbb</load_address>
         <run_address>0xbbb</run_address>
         <size>0x20</size>
         <input_file_ref idref="fl-cb"/>
      </object_component>
      <object_component id="oc-100">
         <name>.debug_line</name>
         <load_address>0xbdb</load_address>
         <run_address>0xbdb</run_address>
         <size>0x2b</size>
         <input_file_ref idref="fl-cb"/>
      </object_component>
      <object_component id="oc-fd">
         <name>.debug_line</name>
         <load_address>0xc06</load_address>
         <run_address>0xc06</run_address>
         <size>0x68</size>
         <input_file_ref idref="fl-cb"/>
      </object_component>
      <object_component id="oc-f1">
         <name>.debug_line</name>
         <load_address>0xc6e</load_address>
         <run_address>0xc6e</run_address>
         <size>0x2b</size>
         <input_file_ref idref="fl-cc"/>
      </object_component>
      <object_component id="oc-75">
         <name>.debug_line</name>
         <load_address>0xc99</load_address>
         <run_address>0xc99</run_address>
         <size>0x50</size>
         <input_file_ref idref="fl-cc"/>
      </object_component>
      <object_component id="oc-f5">
         <name>.debug_line</name>
         <load_address>0xce9</load_address>
         <run_address>0xce9</run_address>
         <size>0x2b</size>
         <input_file_ref idref="fl-cc"/>
      </object_component>
      <object_component id="oc-e5">
         <name>.debug_line</name>
         <load_address>0xd14</load_address>
         <run_address>0xd14</run_address>
         <size>0xa9</size>
         <input_file_ref idref="fl-cd"/>
      </object_component>
      <object_component id="oc-6f">
         <name>.debug_line</name>
         <load_address>0xdbd</load_address>
         <run_address>0xdbd</run_address>
         <size>0x8b</size>
         <input_file_ref idref="fl-cd"/>
      </object_component>
      <object_component id="oc-e9">
         <name>.debug_line</name>
         <load_address>0xe48</load_address>
         <run_address>0xe48</run_address>
         <size>0x2e</size>
         <input_file_ref idref="fl-cd"/>
      </object_component>
      <object_component id="oc-ee">
         <name>.debug_line</name>
         <load_address>0xe76</load_address>
         <run_address>0xe76</run_address>
         <size>0x8b</size>
         <input_file_ref idref="fl-cd"/>
      </object_component>
      <object_component id="oc-108">
         <name>.debug_line</name>
         <load_address>0xf01</load_address>
         <run_address>0xf01</run_address>
         <size>0x98</size>
         <input_file_ref idref="fl-ce"/>
      </object_component>
      <object_component id="oc-c3">
         <name>.debug_line</name>
         <load_address>0xf99</load_address>
         <run_address>0xf99</run_address>
         <size>0x68</size>
         <input_file_ref idref="fl-ce"/>
      </object_component>
      <object_component id="oc-10c">
         <name>.debug_line</name>
         <load_address>0x1001</load_address>
         <run_address>0x1001</run_address>
         <size>0x2e</size>
         <input_file_ref idref="fl-ce"/>
      </object_component>
      <object_component id="oc-ca">
         <name>.debug_line</name>
         <load_address>0x102f</load_address>
         <run_address>0x102f</run_address>
         <size>0x3c</size>
         <input_file_ref idref="fl-cf"/>
      </object_component>
      <object_component id="oc-36">
         <name>.debug_frame</name>
         <load_address>0x0</load_address>
         <run_address>0x0</run_address>
         <size>0x97</size>
         <input_file_ref idref="fl-2"/>
      </object_component>
      <object_component id="oc-87">
         <name>.debug_frame</name>
         <load_address>0x97</load_address>
         <run_address>0x97</run_address>
         <size>0x7f</size>
         <input_file_ref idref="fl-3"/>
      </object_component>
      <object_component id="oc-93">
         <name>.debug_frame</name>
         <load_address>0x116</load_address>
         <run_address>0x116</run_address>
         <size>0x7f</size>
         <input_file_ref idref="fl-4"/>
      </object_component>
      <object_component id="oc-99">
         <name>.debug_frame</name>
         <load_address>0x195</load_address>
         <run_address>0x195</run_address>
         <size>0x85</size>
         <input_file_ref idref="fl-5"/>
      </object_component>
      <object_component id="oc-30">
         <name>.debug_frame</name>
         <load_address>0x21a</load_address>
         <run_address>0x21a</run_address>
         <size>0xb2</size>
         <input_file_ref idref="fl-6"/>
      </object_component>
      <object_component id="oc-8d">
         <name>.debug_frame</name>
         <load_address>0x2cc</load_address>
         <run_address>0x2cc</run_address>
         <size>0xbf</size>
         <input_file_ref idref="fl-7"/>
      </object_component>
      <object_component id="oc-14">
         <name>.debug_frame</name>
         <load_address>0x38b</load_address>
         <run_address>0x38b</run_address>
         <size>0x7f</size>
         <input_file_ref idref="fl-c2"/>
      </object_component>
      <object_component id="oc-4b">
         <name>.debug_frame</name>
         <load_address>0x40a</load_address>
         <run_address>0x40a</run_address>
         <size>0x8e</size>
         <input_file_ref idref="fl-c3"/>
      </object_component>
      <object_component id="oc-1d">
         <name>.debug_frame</name>
         <load_address>0x498</load_address>
         <run_address>0x498</run_address>
         <size>0x7f</size>
         <input_file_ref idref="fl-c3"/>
      </object_component>
      <object_component id="oc-7c">
         <name>.debug_frame</name>
         <load_address>0x517</load_address>
         <run_address>0x517</run_address>
         <size>0xb3</size>
         <input_file_ref idref="fl-c5"/>
      </object_component>
      <object_component id="oc-64">
         <name>.debug_frame</name>
         <load_address>0x5ca</load_address>
         <run_address>0x5ca</run_address>
         <size>0x7f</size>
         <input_file_ref idref="fl-c8"/>
      </object_component>
      <object_component id="oc-6a">
         <name>.debug_frame</name>
         <load_address>0x649</load_address>
         <run_address>0x649</run_address>
         <size>0x7f</size>
         <input_file_ref idref="fl-c9"/>
      </object_component>
      <object_component id="oc-fe">
         <name>.debug_frame</name>
         <load_address>0x6c8</load_address>
         <run_address>0x6c8</run_address>
         <size>0xa1</size>
         <input_file_ref idref="fl-cb"/>
      </object_component>
      <object_component id="oc-76">
         <name>.debug_frame</name>
         <load_address>0x769</load_address>
         <run_address>0x769</run_address>
         <size>0x7f</size>
         <input_file_ref idref="fl-cc"/>
      </object_component>
      <object_component id="oc-70">
         <name>.debug_frame</name>
         <load_address>0x7e8</load_address>
         <run_address>0x7e8</run_address>
         <size>0x8a</size>
         <input_file_ref idref="fl-cd"/>
      </object_component>
      <object_component id="oc-c4">
         <name>.debug_frame</name>
         <load_address>0x872</load_address>
         <run_address>0x872</run_address>
         <size>0x8e</size>
         <input_file_ref idref="fl-ce"/>
      </object_component>
      <object_component id="oc-c9">
         <name>.debug_frame</name>
         <load_address>0x900</load_address>
         <run_address>0x900</run_address>
         <size>0x7f</size>
         <input_file_ref idref="fl-cf"/>
      </object_component>
      <object_component id="oc-df">
         <name>.debug_abbrev</name>
         <load_address>0x0</load_address>
         <run_address>0x0</run_address>
         <size>0x90</size>
         <input_file_ref idref="fl-2"/>
      </object_component>
      <object_component id="oc-9d">
         <name>.debug_abbrev</name>
         <load_address>0x90</load_address>
         <run_address>0x90</run_address>
         <size>0x6c</size>
         <input_file_ref idref="fl-2"/>
      </object_component>
      <object_component id="oc-a0">
         <name>.debug_abbrev</name>
         <load_address>0xfc</load_address>
         <run_address>0xfc</run_address>
         <size>0x1f</size>
         <input_file_ref idref="fl-2"/>
      </object_component>
      <object_component id="oc-a7">
         <name>.debug_abbrev</name>
         <load_address>0x11b</load_address>
         <run_address>0x11b</run_address>
         <size>0x35</size>
         <input_file_ref idref="fl-2"/>
      </object_component>
      <object_component id="oc-da">
         <name>.debug_abbrev</name>
         <load_address>0x150</load_address>
         <run_address>0x150</run_address>
         <size>0x50</size>
         <input_file_ref idref="fl-3"/>
      </object_component>
      <object_component id="oc-dd">
         <name>.debug_abbrev</name>
         <load_address>0x1a0</load_address>
         <run_address>0x1a0</run_address>
         <size>0x50</size>
         <input_file_ref idref="fl-4"/>
      </object_component>
      <object_component id="oc-de">
         <name>.debug_abbrev</name>
         <load_address>0x1f0</load_address>
         <run_address>0x1f0</run_address>
         <size>0x6c</size>
         <input_file_ref idref="fl-5"/>
      </object_component>
      <object_component id="oc-a3">
         <name>.debug_abbrev</name>
         <load_address>0x25c</load_address>
         <run_address>0x25c</run_address>
         <size>0x68</size>
         <input_file_ref idref="fl-6"/>
      </object_component>
      <object_component id="oc-37">
         <name>.debug_abbrev</name>
         <load_address>0x2c4</load_address>
         <run_address>0x2c4</run_address>
         <size>0x29</size>
         <input_file_ref idref="fl-6"/>
      </object_component>
      <object_component id="oc-81">
         <name>.debug_abbrev</name>
         <load_address>0x2ed</load_address>
         <run_address>0x2ed</run_address>
         <size>0x79</size>
         <input_file_ref idref="fl-6"/>
      </object_component>
      <object_component id="oc-105">
         <name>.debug_abbrev</name>
         <load_address>0x366</load_address>
         <run_address>0x366</run_address>
         <size>0x1c</size>
         <input_file_ref idref="fl-7"/>
      </object_component>
      <object_component id="oc-db">
         <name>.debug_abbrev</name>
         <load_address>0x382</load_address>
         <run_address>0x382</run_address>
         <size>0xa9</size>
         <input_file_ref idref="fl-7"/>
      </object_component>
      <object_component id="oc-80">
         <name>.debug_abbrev</name>
         <load_address>0x42b</load_address>
         <run_address>0x42b</run_address>
         <size>0x3e</size>
         <input_file_ref idref="fl-c1"/>
      </object_component>
      <object_component id="oc-b0">
         <name>.debug_abbrev</name>
         <load_address>0x469</load_address>
         <run_address>0x469</run_address>
         <size>0x52</size>
         <input_file_ref idref="fl-c2"/>
      </object_component>
      <object_component id="oc-3f">
         <name>.debug_abbrev</name>
         <load_address>0x4bb</load_address>
         <run_address>0x4bb</run_address>
         <size>0x74</size>
         <input_file_ref idref="fl-c2"/>
      </object_component>
      <object_component id="oc-42">
         <name>.debug_abbrev</name>
         <load_address>0x52f</load_address>
         <run_address>0x52f</run_address>
         <size>0x24</size>
         <input_file_ref idref="fl-c2"/>
      </object_component>
      <object_component id="oc-ad">
         <name>.debug_abbrev</name>
         <load_address>0x553</load_address>
         <run_address>0x553</run_address>
         <size>0x24</size>
         <input_file_ref idref="fl-c2"/>
      </object_component>
      <object_component id="oc-b3">
         <name>.debug_abbrev</name>
         <load_address>0x577</load_address>
         <run_address>0x577</run_address>
         <size>0x52</size>
         <input_file_ref idref="fl-c3"/>
      </object_component>
      <object_component id="oc-b2">
         <name>.debug_abbrev</name>
         <load_address>0x5c9</load_address>
         <run_address>0x5c9</run_address>
         <size>0x7b</size>
         <input_file_ref idref="fl-c3"/>
      </object_component>
      <object_component id="oc-4c">
         <name>.debug_abbrev</name>
         <load_address>0x644</load_address>
         <run_address>0x644</run_address>
         <size>0x66</size>
         <input_file_ref idref="fl-c3"/>
      </object_component>
      <object_component id="oc-50">
         <name>.debug_abbrev</name>
         <load_address>0x6aa</load_address>
         <run_address>0x6aa</run_address>
         <size>0x24</size>
         <input_file_ref idref="fl-c3"/>
      </object_component>
      <object_component id="oc-b7">
         <name>.debug_abbrev</name>
         <load_address>0x6ce</load_address>
         <run_address>0x6ce</run_address>
         <size>0x24</size>
         <input_file_ref idref="fl-c3"/>
      </object_component>
      <object_component id="oc-103">
         <name>.debug_abbrev</name>
         <load_address>0x6f2</load_address>
         <run_address>0x6f2</run_address>
         <size>0xa8</size>
         <input_file_ref idref="fl-c5"/>
      </object_component>
      <object_component id="oc-f7">
         <name>.debug_abbrev</name>
         <load_address>0x79a</load_address>
         <run_address>0x79a</run_address>
         <size>0x29</size>
         <input_file_ref idref="fl-c5"/>
      </object_component>
      <object_component id="oc-d5">
         <name>.debug_abbrev</name>
         <load_address>0x7c3</load_address>
         <run_address>0x7c3</run_address>
         <size>0xba</size>
         <input_file_ref idref="fl-c5"/>
      </object_component>
      <object_component id="oc-aa">
         <name>.debug_abbrev</name>
         <load_address>0x87d</load_address>
         <run_address>0x87d</run_address>
         <size>0x3e</size>
         <input_file_ref idref="fl-c6"/>
      </object_component>
      <object_component id="oc-ba">
         <name>.debug_abbrev</name>
         <load_address>0x8bb</load_address>
         <run_address>0x8bb</run_address>
         <size>0x4f</size>
         <input_file_ref idref="fl-c7"/>
      </object_component>
      <object_component id="oc-bd">
         <name>.debug_abbrev</name>
         <load_address>0x90a</load_address>
         <run_address>0x90a</run_address>
         <size>0x53</size>
         <input_file_ref idref="fl-c8"/>
      </object_component>
      <object_component id="oc-be">
         <name>.debug_abbrev</name>
         <load_address>0x95d</load_address>
         <run_address>0x95d</run_address>
         <size>0x55</size>
         <input_file_ref idref="fl-c9"/>
      </object_component>
      <object_component id="oc-d8">
         <name>.debug_abbrev</name>
         <load_address>0x9b2</load_address>
         <run_address>0x9b2</run_address>
         <size>0x27</size>
         <input_file_ref idref="fl-ca"/>
      </object_component>
      <object_component id="oc-10f">
         <name>.debug_abbrev</name>
         <load_address>0x9d9</load_address>
         <run_address>0x9d9</run_address>
         <size>0x45</size>
         <input_file_ref idref="fl-cb"/>
      </object_component>
      <object_component id="oc-ff">
         <name>.debug_abbrev</name>
         <load_address>0xa1e</load_address>
         <run_address>0xa1e</run_address>
         <size>0x29</size>
         <input_file_ref idref="fl-cb"/>
      </object_component>
      <object_component id="oc-10e">
         <name>.debug_abbrev</name>
         <load_address>0xa47</load_address>
         <run_address>0xa47</run_address>
         <size>0x6f</size>
         <input_file_ref idref="fl-cb"/>
      </object_component>
      <object_component id="oc-f0">
         <name>.debug_abbrev</name>
         <load_address>0xab6</load_address>
         <run_address>0xab6</run_address>
         <size>0x8e</size>
         <input_file_ref idref="fl-cc"/>
      </object_component>
      <object_component id="oc-cd">
         <name>.debug_abbrev</name>
         <load_address>0xb44</load_address>
         <run_address>0xb44</run_address>
         <size>0x68</size>
         <input_file_ref idref="fl-cc"/>
      </object_component>
      <object_component id="oc-f4">
         <name>.debug_abbrev</name>
         <load_address>0xbac</load_address>
         <run_address>0xbac</run_address>
         <size>0x49</size>
         <input_file_ref idref="fl-cc"/>
      </object_component>
      <object_component id="oc-e4">
         <name>.debug_abbrev</name>
         <load_address>0xbf5</load_address>
         <run_address>0xbf5</run_address>
         <size>0xae</size>
         <input_file_ref idref="fl-cd"/>
      </object_component>
      <object_component id="oc-cb">
         <name>.debug_abbrev</name>
         <load_address>0xca3</load_address>
         <run_address>0xca3</run_address>
         <size>0x7e</size>
         <input_file_ref idref="fl-cd"/>
      </object_component>
      <object_component id="oc-e8">
         <name>.debug_abbrev</name>
         <load_address>0xd21</load_address>
         <run_address>0xd21</run_address>
         <size>0x24</size>
         <input_file_ref idref="fl-cd"/>
      </object_component>
      <object_component id="oc-ed">
         <name>.debug_abbrev</name>
         <load_address>0xd45</load_address>
         <run_address>0xd45</run_address>
         <size>0x4b</size>
         <input_file_ref idref="fl-cd"/>
      </object_component>
      <object_component id="oc-107">
         <name>.debug_abbrev</name>
         <load_address>0xd90</load_address>
         <run_address>0xd90</run_address>
         <size>0x9c</size>
         <input_file_ref idref="fl-ce"/>
      </object_component>
      <object_component id="oc-e1">
         <name>.debug_abbrev</name>
         <load_address>0xe2c</load_address>
         <run_address>0xe2c</run_address>
         <size>0x8c</size>
         <input_file_ref idref="fl-ce"/>
      </object_component>
      <object_component id="oc-10b">
         <name>.debug_abbrev</name>
         <load_address>0xeb8</load_address>
         <run_address>0xeb8</run_address>
         <size>0x24</size>
         <input_file_ref idref="fl-ce"/>
      </object_component>
      <object_component id="oc-e3">
         <name>.debug_abbrev</name>
         <load_address>0xedc</load_address>
         <run_address>0xedc</run_address>
         <size>0x53</size>
         <input_file_ref idref="fl-cf"/>
      </object_component>
      <object_component id="oc-136">
         <name>.debug_abbrev</name>
         <load_address>0xf2f</load_address>
         <run_address>0xf2f</run_address>
         <size>0xf</size>
      </object_component>
      <object_component id="oc-a2">
         <name>.debug_str</name>
         <load_address>0x0</load_address>
         <run_address>0x0</run_address>
         <size>0xfb</size>
         <input_file_ref idref="fl-2"/>
      </object_component>
      <object_component id="oc-a9">
         <name>.debug_str</name>
         <load_address>0xfb</load_address>
         <run_address>0xfb</run_address>
         <size>0x20e</size>
         <input_file_ref idref="fl-2"/>
      </object_component>
      <object_component id="oc-44">
         <name>.debug_str</name>
         <load_address>0x309</load_address>
         <run_address>0x309</run_address>
         <size>0x101</size>
         <input_file_ref idref="fl-c2"/>
      </object_component>
      <object_component id="oc-af">
         <name>.debug_str</name>
         <load_address>0x40a</load_address>
         <run_address>0x40a</run_address>
         <size>0x12e</size>
         <input_file_ref idref="fl-c2"/>
      </object_component>
      <object_component id="oc-52">
         <name>.debug_str</name>
         <load_address>0x538</load_address>
         <run_address>0x538</run_address>
         <size>0xf3</size>
         <input_file_ref idref="fl-c3"/>
      </object_component>
      <object_component id="oc-b9">
         <name>.debug_str</name>
         <load_address>0x62b</load_address>
         <run_address>0x62b</run_address>
         <size>0x12e</size>
         <input_file_ref idref="fl-c3"/>
      </object_component>
      <object_component id="oc-f6">
         <name>.debug_str</name>
         <load_address>0x759</load_address>
         <run_address>0x759</run_address>
         <size>0xd7</size>
         <input_file_ref idref="fl-cc"/>
      </object_component>
      <object_component id="oc-ea">
         <name>.debug_str</name>
         <load_address>0x830</load_address>
         <run_address>0x830</run_address>
         <size>0xe3</size>
         <input_file_ref idref="fl-cd"/>
      </object_component>
      <object_component id="oc-ef">
         <name>.debug_str</name>
         <load_address>0x913</load_address>
         <run_address>0x913</run_address>
         <size>0x185</size>
         <input_file_ref idref="fl-cd"/>
      </object_component>
      <object_component id="oc-10d">
         <name>.debug_str</name>
         <load_address>0xa98</load_address>
         <run_address>0xa98</run_address>
         <size>0xd8</size>
         <input_file_ref idref="fl-ce"/>
      </object_component>
      <object_component id="oc-33">
         <name>.debug_aranges</name>
         <load_address>0x0</load_address>
         <run_address>0x0</run_address>
         <size>0x28</size>
         <input_file_ref idref="fl-2"/>
      </object_component>
      <object_component id="oc-84">
         <name>.debug_aranges</name>
         <load_address>0x28</load_address>
         <run_address>0x28</run_address>
         <size>0x20</size>
         <input_file_ref idref="fl-3"/>
      </object_component>
      <object_component id="oc-90">
         <name>.debug_aranges</name>
         <load_address>0x48</load_address>
         <run_address>0x48</run_address>
         <size>0x20</size>
         <input_file_ref idref="fl-4"/>
      </object_component>
      <object_component id="oc-96">
         <name>.debug_aranges</name>
         <load_address>0x68</load_address>
         <run_address>0x68</run_address>
         <size>0x20</size>
         <input_file_ref idref="fl-5"/>
      </object_component>
      <object_component id="oc-2d">
         <name>.debug_aranges</name>
         <load_address>0x88</load_address>
         <run_address>0x88</run_address>
         <size>0x38</size>
         <input_file_ref idref="fl-6"/>
      </object_component>
      <object_component id="oc-8a">
         <name>.debug_aranges</name>
         <load_address>0xc0</load_address>
         <run_address>0xc0</run_address>
         <size>0x38</size>
         <input_file_ref idref="fl-7"/>
      </object_component>
      <object_component id="oc-27">
         <name>.debug_aranges</name>
         <load_address>0xf8</load_address>
         <run_address>0xf8</run_address>
         <size>0x20</size>
         <input_file_ref idref="fl-c1"/>
      </object_component>
      <object_component id="oc-15">
         <name>.debug_aranges</name>
         <load_address>0x118</load_address>
         <run_address>0x118</run_address>
         <size>0x20</size>
         <input_file_ref idref="fl-c2"/>
      </object_component>
      <object_component id="oc-48">
         <name>.debug_aranges</name>
         <load_address>0x138</load_address>
         <run_address>0x138</run_address>
         <size>0x20</size>
         <input_file_ref idref="fl-c3"/>
      </object_component>
      <object_component id="oc-1a">
         <name>.debug_aranges</name>
         <load_address>0x158</load_address>
         <run_address>0x158</run_address>
         <size>0x20</size>
         <input_file_ref idref="fl-c3"/>
      </object_component>
      <object_component id="oc-79">
         <name>.debug_aranges</name>
         <load_address>0x178</load_address>
         <run_address>0x178</run_address>
         <size>0x30</size>
         <input_file_ref idref="fl-c5"/>
      </object_component>
      <object_component id="oc-3c">
         <name>.debug_aranges</name>
         <load_address>0x1a8</load_address>
         <run_address>0x1a8</run_address>
         <size>0x20</size>
         <input_file_ref idref="fl-c6"/>
      </object_component>
      <object_component id="oc-55">
         <name>.debug_aranges</name>
         <load_address>0x1c8</load_address>
         <run_address>0x1c8</run_address>
         <size>0x28</size>
         <input_file_ref idref="fl-c7"/>
      </object_component>
      <object_component id="oc-62">
         <name>.debug_aranges</name>
         <load_address>0x1f0</load_address>
         <run_address>0x1f0</run_address>
         <size>0x20</size>
         <input_file_ref idref="fl-c8"/>
      </object_component>
      <object_component id="oc-67">
         <name>.debug_aranges</name>
         <load_address>0x210</load_address>
         <run_address>0x210</run_address>
         <size>0x20</size>
         <input_file_ref idref="fl-c9"/>
      </object_component>
      <object_component id="oc-fb">
         <name>.debug_aranges</name>
         <load_address>0x230</load_address>
         <run_address>0x230</run_address>
         <size>0x30</size>
         <input_file_ref idref="fl-cb"/>
      </object_component>
      <object_component id="oc-73">
         <name>.debug_aranges</name>
         <load_address>0x260</load_address>
         <run_address>0x260</run_address>
         <size>0x20</size>
         <input_file_ref idref="fl-cc"/>
      </object_component>
      <object_component id="oc-6d">
         <name>.debug_aranges</name>
         <load_address>0x280</load_address>
         <run_address>0x280</run_address>
         <size>0x20</size>
         <input_file_ref idref="fl-cd"/>
      </object_component>
      <object_component id="oc-c1">
         <name>.debug_aranges</name>
         <load_address>0x2a0</load_address>
         <run_address>0x2a0</run_address>
         <size>0x20</size>
         <input_file_ref idref="fl-ce"/>
      </object_component>
      <object_component id="oc-c8">
         <name>.debug_aranges</name>
         <load_address>0x2c0</load_address>
         <run_address>0x2c0</run_address>
         <size>0x20</size>
         <input_file_ref idref="fl-cf"/>
      </object_component>
      <object_component id="oc-9c">
         <name>.debug_pubnames</name>
         <load_address>0x0</load_address>
         <run_address>0x0</run_address>
         <size>0x1a</size>
         <input_file_ref idref="fl-2"/>
      </object_component>
      <object_component id="oc-34">
         <name>.debug_pubnames</name>
         <load_address>0x1a</load_address>
         <run_address>0x1a</run_address>
         <size>0x2f</size>
         <input_file_ref idref="fl-2"/>
      </object_component>
      <object_component id="oc-85">
         <name>.debug_pubnames</name>
         <load_address>0x49</load_address>
         <run_address>0x49</run_address>
         <size>0x1f</size>
         <input_file_ref idref="fl-3"/>
      </object_component>
      <object_component id="oc-91">
         <name>.debug_pubnames</name>
         <load_address>0x68</load_address>
         <run_address>0x68</run_address>
         <size>0x21</size>
         <input_file_ref idref="fl-4"/>
      </object_component>
      <object_component id="oc-97">
         <name>.debug_pubnames</name>
         <load_address>0x89</load_address>
         <run_address>0x89</run_address>
         <size>0x23</size>
         <input_file_ref idref="fl-5"/>
      </object_component>
      <object_component id="oc-11">
         <name>.debug_pubnames</name>
         <load_address>0xac</load_address>
         <run_address>0xac</run_address>
         <size>0x23</size>
         <input_file_ref idref="fl-6"/>
      </object_component>
      <object_component id="oc-2e">
         <name>.debug_pubnames</name>
         <load_address>0xcf</load_address>
         <run_address>0xcf</run_address>
         <size>0x4c</size>
         <input_file_ref idref="fl-6"/>
      </object_component>
      <object_component id="oc-8b">
         <name>.debug_pubnames</name>
         <load_address>0x11b</load_address>
         <run_address>0x11b</run_address>
         <size>0x58</size>
         <input_file_ref idref="fl-7"/>
      </object_component>
      <object_component id="oc-26">
         <name>.debug_pubnames</name>
         <load_address>0x173</load_address>
         <run_address>0x173</run_address>
         <size>0x1f</size>
         <input_file_ref idref="fl-c1"/>
      </object_component>
      <object_component id="oc-17">
         <name>.debug_pubnames</name>
         <load_address>0x192</load_address>
         <run_address>0x192</run_address>
         <size>0x2b</size>
         <input_file_ref idref="fl-c2"/>
      </object_component>
      <object_component id="oc-49">
         <name>.debug_pubnames</name>
         <load_address>0x1bd</load_address>
         <run_address>0x1bd</run_address>
         <size>0x2f</size>
         <input_file_ref idref="fl-c3"/>
      </object_component>
      <object_component id="oc-1b">
         <name>.debug_pubnames</name>
         <load_address>0x1ec</load_address>
         <run_address>0x1ec</run_address>
         <size>0x2c</size>
         <input_file_ref idref="fl-c3"/>
      </object_component>
      <object_component id="oc-d1">
         <name>.debug_pubnames</name>
         <load_address>0x218</load_address>
         <run_address>0x218</run_address>
         <size>0x5e</size>
         <input_file_ref idref="fl-c5"/>
      </object_component>
      <object_component id="oc-7a">
         <name>.debug_pubnames</name>
         <load_address>0x276</load_address>
         <run_address>0x276</run_address>
         <size>0x35</size>
         <input_file_ref idref="fl-c5"/>
      </object_component>
      <object_component id="oc-3d">
         <name>.debug_pubnames</name>
         <load_address>0x2ab</load_address>
         <run_address>0x2ab</run_address>
         <size>0x1d</size>
         <input_file_ref idref="fl-c6"/>
      </object_component>
      <object_component id="oc-56">
         <name>.debug_pubnames</name>
         <load_address>0x2c8</load_address>
         <run_address>0x2c8</run_address>
         <size>0x37</size>
         <input_file_ref idref="fl-c7"/>
      </object_component>
      <object_component id="oc-63">
         <name>.debug_pubnames</name>
         <load_address>0x2ff</load_address>
         <run_address>0x2ff</run_address>
         <size>0x21</size>
         <input_file_ref idref="fl-c8"/>
      </object_component>
      <object_component id="oc-68">
         <name>.debug_pubnames</name>
         <load_address>0x320</load_address>
         <run_address>0x320</run_address>
         <size>0x27</size>
         <input_file_ref idref="fl-c9"/>
      </object_component>
      <object_component id="oc-7f">
         <name>.debug_pubnames</name>
         <load_address>0x347</load_address>
         <run_address>0x347</run_address>
         <size>0x23</size>
         <input_file_ref idref="fl-ca"/>
      </object_component>
      <object_component id="oc-d4">
         <name>.debug_pubnames</name>
         <load_address>0x36a</load_address>
         <run_address>0x36a</run_address>
         <size>0x28</size>
         <input_file_ref idref="fl-cb"/>
      </object_component>
      <object_component id="oc-fc">
         <name>.debug_pubnames</name>
         <load_address>0x392</load_address>
         <run_address>0x392</run_address>
         <size>0x43</size>
         <input_file_ref idref="fl-cb"/>
      </object_component>
      <object_component id="oc-74">
         <name>.debug_pubnames</name>
         <load_address>0x3d5</load_address>
         <run_address>0x3d5</run_address>
         <size>0x21</size>
         <input_file_ref idref="fl-cc"/>
      </object_component>
      <object_component id="oc-6e">
         <name>.debug_pubnames</name>
         <load_address>0x3f6</load_address>
         <run_address>0x3f6</run_address>
         <size>0x25</size>
         <input_file_ref idref="fl-cd"/>
      </object_component>
      <object_component id="oc-c2">
         <name>.debug_pubnames</name>
         <load_address>0x41b</load_address>
         <run_address>0x41b</run_address>
         <size>0x1e</size>
         <input_file_ref idref="fl-ce"/>
      </object_component>
      <object_component id="oc-c7">
         <name>.debug_pubnames</name>
         <load_address>0x439</load_address>
         <run_address>0x439</run_address>
         <size>0x29</size>
         <input_file_ref idref="fl-cf"/>
      </object_component>
      <object_component id="oc-9f">
         <name>.debug_pubtypes</name>
         <load_address>0x0</load_address>
         <run_address>0x0</run_address>
         <size>0xed</size>
         <input_file_ref idref="fl-2"/>
      </object_component>
      <object_component id="oc-a6">
         <name>.debug_pubtypes</name>
         <load_address>0xed</load_address>
         <run_address>0xed</run_address>
         <size>0x1c6</size>
         <input_file_ref idref="fl-2"/>
      </object_component>
      <object_component id="oc-41">
         <name>.debug_pubtypes</name>
         <load_address>0x2b3</load_address>
         <run_address>0x2b3</run_address>
         <size>0x48</size>
         <input_file_ref idref="fl-c2"/>
      </object_component>
      <object_component id="oc-ac">
         <name>.debug_pubtypes</name>
         <load_address>0x2fb</load_address>
         <run_address>0x2fb</run_address>
         <size>0x1d</size>
         <input_file_ref idref="fl-c2"/>
      </object_component>
      <object_component id="oc-4f">
         <name>.debug_pubtypes</name>
         <load_address>0x318</load_address>
         <run_address>0x318</run_address>
         <size>0x37</size>
         <input_file_ref idref="fl-c3"/>
      </object_component>
      <object_component id="oc-b6">
         <name>.debug_pubtypes</name>
         <load_address>0x34f</load_address>
         <run_address>0x34f</run_address>
         <size>0x1d</size>
         <input_file_ref idref="fl-c3"/>
      </object_component>
      <object_component id="oc-d7">
         <name>.debug_pubtypes</name>
         <load_address>0x36c</load_address>
         <run_address>0x36c</run_address>
         <size>0x1f</size>
         <input_file_ref idref="fl-c5"/>
      </object_component>
      <object_component id="oc-102">
         <name>.debug_pubtypes</name>
         <load_address>0x38b</load_address>
         <run_address>0x38b</run_address>
         <size>0x1f</size>
         <input_file_ref idref="fl-cb"/>
      </object_component>
      <object_component id="oc-f3">
         <name>.debug_pubtypes</name>
         <load_address>0x3aa</load_address>
         <run_address>0x3aa</run_address>
         <size>0x1b</size>
         <input_file_ref idref="fl-cc"/>
      </object_component>
      <object_component id="oc-e7">
         <name>.debug_pubtypes</name>
         <load_address>0x3c5</load_address>
         <run_address>0x3c5</run_address>
         <size>0x32</size>
         <input_file_ref idref="fl-cd"/>
      </object_component>
      <object_component id="oc-ec">
         <name>.debug_pubtypes</name>
         <load_address>0x3f7</load_address>
         <run_address>0x3f7</run_address>
         <size>0x50</size>
         <input_file_ref idref="fl-cd"/>
      </object_component>
      <object_component id="oc-10a">
         <name>.debug_pubtypes</name>
         <load_address>0x447</load_address>
         <run_address>0x447</run_address>
         <size>0x23</size>
         <input_file_ref idref="fl-ce"/>
      </object_component>
   </object_component_list>
   <logical_group_list>
      <logical_group id="lg-3" display="no" color="cyan">
         <name>.intvecs</name>
         <load_address>0x0</load_address>
         <run_address>0x0</run_address>
         <size>0x26c</size>
         <contents>
            <object_component_ref idref="oc-f"/>
         </contents>
      </logical_group>
      <logical_group id="lg-4" display="no" color="cyan">
         <name>.text</name>
         <load_address>0x26c</load_address>
         <run_address>0x26c</run_address>
         <size>0x604</size>
         <contents>
            <object_component_ref idref="oc-88"/>
            <object_component_ref idref="oc-31"/>
            <object_component_ref idref="oc-3a"/>
            <object_component_ref idref="oc-53"/>
            <object_component_ref idref="oc-5f"/>
            <object_component_ref idref="oc-82"/>
            <object_component_ref idref="oc-8e"/>
            <object_component_ref idref="oc-6b"/>
            <object_component_ref idref="oc-46"/>
            <object_component_ref idref="oc-c5"/>
            <object_component_ref idref="oc-24"/>
            <object_component_ref idref="oc-77"/>
            <object_component_ref idref="oc-bf"/>
            <object_component_ref idref="oc-94"/>
            <object_component_ref idref="oc-71"/>
            <object_component_ref idref="oc-f9"/>
            <object_component_ref idref="oc-12"/>
            <object_component_ref idref="oc-2b"/>
            <object_component_ref idref="oc-18"/>
            <object_component_ref idref="oc-65"/>
         </contents>
      </logical_group>
      <logical_group id="lg-5" display="no" color="cyan">
         <name>.const</name>
         <run_address>0x0</run_address>
         <size>0x0</size>
         <contents>
         </contents>
      </logical_group>
      <logical_group id="lg-6" display="no" color="cyan">
         <name>.cinit</name>
         <load_address>0x870</load_address>
         <run_address>0x870</run_address>
         <size>0x3c</size>
         <contents>
            <object_component_ref idref="oc-132"/>
            <object_component_ref idref="oc-133"/>
            <object_component_ref idref="oc-130"/>
            <object_component_ref idref="oc-131"/>
         </contents>
      </logical_group>
      <logical_group id="lg-7" display="no" color="cyan">
         <name>.pinit</name>
         <run_address>0x0</run_address>
         <size>0x0</size>
         <contents>
         </contents>
      </logical_group>
      <logical_group id="lg-8" display="no" color="cyan">
         <name>.init_array</name>
         <run_address>0x0</run_address>
         <size>0x0</size>
         <contents>
         </contents>
      </logical_group>
      <logical_group id="lg-9" display="no" color="cyan">
         <name>.vtable</name>
         <run_address>0x0</run_address>
         <size>0x0</size>
         <contents>
         </contents>
      </logical_group>
      <logical_group id="lg-a" display="no" color="cyan">
         <name>.data</name>
         <run_address>0x20000200</run_address>
         <size>0x18</size>
         <contents>
            <object_component_ref idref="oc-cf"/>
            <object_component_ref idref="oc-7d"/>
            <object_component_ref idref="oc-d2"/>
         </contents>
      </logical_group>
      <logical_group id="lg-b" display="no" color="cyan">
         <name>.bss</name>
         <run_address>0x20000218</run_address>
         <size>0x4</size>
         <contents>
            <object_component_ref idref="oc-9a"/>
         </contents>
      </logical_group>
      <logical_group id="lg-c" display="no" color="cyan">
         <name>.sysmem</name>
         <run_address>0x0</run_address>
         <size>0x0</size>
         <contents>
         </contents>
      </logical_group>
      <logical_group id="lg-d" display="no" color="cyan">
         <name>.stack</name>
         <run_address>0x20000000</run_address>
         <size>0x200</size>
         <contents>
            <object_component_ref idref="oc-2a"/>
            <object_component_ref idref="oc-134"/>
         </contents>
      </logical_group>
      <logical_group id="lg-111" display="no" color="cyan">
         <name>.TI.noinit</name>
         <run_address>0x0</run_address>
         <size>0x0</size>
         <contents>
         </contents>
      </logical_group>
      <logical_group id="lg-112" display="no" color="cyan">
         <name>.TI.persistent</name>
         <run_address>0x0</run_address>
         <size>0x0</size>
         <contents>
         </contents>
      </logical_group>
      <logical_group id="lg-120" display="never" color="cyan">
         <name>.debug_info</name>
         <load_address>0x0</load_address>
         <run_address>0x0</run_address>
         <size>0x38d8</size>
         <contents>
            <object_component_ref idref="oc-9b"/>
            <object_component_ref idref="oc-32"/>
            <object_component_ref idref="oc-9e"/>
            <object_component_ref idref="oc-a5"/>
            <object_component_ref idref="oc-83"/>
            <object_component_ref idref="oc-8f"/>
            <object_component_ref idref="oc-95"/>
            <object_component_ref idref="oc-39"/>
            <object_component_ref idref="oc-10"/>
            <object_component_ref idref="oc-2c"/>
            <object_component_ref idref="oc-dc"/>
            <object_component_ref idref="oc-89"/>
            <object_component_ref idref="oc-25"/>
            <object_component_ref idref="oc-45"/>
            <object_component_ref idref="oc-16"/>
            <object_component_ref idref="oc-40"/>
            <object_component_ref idref="oc-ab"/>
            <object_component_ref idref="oc-4d"/>
            <object_component_ref idref="oc-47"/>
            <object_component_ref idref="oc-19"/>
            <object_component_ref idref="oc-4e"/>
            <object_component_ref idref="oc-b5"/>
            <object_component_ref idref="oc-d6"/>
            <object_component_ref idref="oc-d0"/>
            <object_component_ref idref="oc-78"/>
            <object_component_ref idref="oc-3b"/>
            <object_component_ref idref="oc-54"/>
            <object_component_ref idref="oc-61"/>
            <object_component_ref idref="oc-66"/>
            <object_component_ref idref="oc-7e"/>
            <object_component_ref idref="oc-101"/>
            <object_component_ref idref="oc-d3"/>
            <object_component_ref idref="oc-fa"/>
            <object_component_ref idref="oc-ce"/>
            <object_component_ref idref="oc-72"/>
            <object_component_ref idref="oc-f2"/>
            <object_component_ref idref="oc-cc"/>
            <object_component_ref idref="oc-6c"/>
            <object_component_ref idref="oc-e6"/>
            <object_component_ref idref="oc-eb"/>
            <object_component_ref idref="oc-e2"/>
            <object_component_ref idref="oc-c0"/>
            <object_component_ref idref="oc-109"/>
            <object_component_ref idref="oc-c6"/>
            <object_component_ref idref="oc-135"/>
         </contents>
      </logical_group>
      <logical_group id="lg-122" display="never" color="cyan">
         <name>.debug_line</name>
         <load_address>0x0</load_address>
         <run_address>0x0</run_address>
         <size>0x106b</size>
         <contents>
            <object_component_ref idref="oc-e0"/>
            <object_component_ref idref="oc-35"/>
            <object_component_ref idref="oc-a1"/>
            <object_component_ref idref="oc-a8"/>
            <object_component_ref idref="oc-86"/>
            <object_component_ref idref="oc-92"/>
            <object_component_ref idref="oc-98"/>
            <object_component_ref idref="oc-a4"/>
            <object_component_ref idref="oc-38"/>
            <object_component_ref idref="oc-2f"/>
            <object_component_ref idref="oc-106"/>
            <object_component_ref idref="oc-8c"/>
            <object_component_ref idref="oc-28"/>
            <object_component_ref idref="oc-b1"/>
            <object_component_ref idref="oc-13"/>
            <object_component_ref idref="oc-43"/>
            <object_component_ref idref="oc-ae"/>
            <object_component_ref idref="oc-b4"/>
            <object_component_ref idref="oc-4a"/>
            <object_component_ref idref="oc-1c"/>
            <object_component_ref idref="oc-51"/>
            <object_component_ref idref="oc-b8"/>
            <object_component_ref idref="oc-104"/>
            <object_component_ref idref="oc-f8"/>
            <object_component_ref idref="oc-7b"/>
            <object_component_ref idref="oc-3e"/>
            <object_component_ref idref="oc-57"/>
            <object_component_ref idref="oc-60"/>
            <object_component_ref idref="oc-69"/>
            <object_component_ref idref="oc-d9"/>
            <object_component_ref idref="oc-110"/>
            <object_component_ref idref="oc-100"/>
            <object_component_ref idref="oc-fd"/>
            <object_component_ref idref="oc-f1"/>
            <object_component_ref idref="oc-75"/>
            <object_component_ref idref="oc-f5"/>
            <object_component_ref idref="oc-e5"/>
            <object_component_ref idref="oc-6f"/>
            <object_component_ref idref="oc-e9"/>
            <object_component_ref idref="oc-ee"/>
            <object_component_ref idref="oc-108"/>
            <object_component_ref idref="oc-c3"/>
            <object_component_ref idref="oc-10c"/>
            <object_component_ref idref="oc-ca"/>
         </contents>
      </logical_group>
      <logical_group id="lg-124" display="never" color="cyan">
         <name>.debug_frame</name>
         <load_address>0x0</load_address>
         <run_address>0x0</run_address>
         <size>0x97f</size>
         <contents>
            <object_component_ref idref="oc-36"/>
            <object_component_ref idref="oc-87"/>
            <object_component_ref idref="oc-93"/>
            <object_component_ref idref="oc-99"/>
            <object_component_ref idref="oc-30"/>
            <object_component_ref idref="oc-8d"/>
            <object_component_ref idref="oc-14"/>
            <object_component_ref idref="oc-4b"/>
            <object_component_ref idref="oc-1d"/>
            <object_component_ref idref="oc-7c"/>
            <object_component_ref idref="oc-64"/>
            <object_component_ref idref="oc-6a"/>
            <object_component_ref idref="oc-fe"/>
            <object_component_ref idref="oc-76"/>
            <object_component_ref idref="oc-70"/>
            <object_component_ref idref="oc-c4"/>
            <object_component_ref idref="oc-c9"/>
         </contents>
      </logical_group>
      <logical_group id="lg-126" display="never" color="cyan">
         <name>.debug_abbrev</name>
         <load_address>0x0</load_address>
         <run_address>0x0</run_address>
         <size>0xf3e</size>
         <contents>
            <object_component_ref idref="oc-df"/>
            <object_component_ref idref="oc-9d"/>
            <object_component_ref idref="oc-a0"/>
            <object_component_ref idref="oc-a7"/>
            <object_component_ref idref="oc-da"/>
            <object_component_ref idref="oc-dd"/>
            <object_component_ref idref="oc-de"/>
            <object_component_ref idref="oc-a3"/>
            <object_component_ref idref="oc-37"/>
            <object_component_ref idref="oc-81"/>
            <object_component_ref idref="oc-105"/>
            <object_component_ref idref="oc-db"/>
            <object_component_ref idref="oc-80"/>
            <object_component_ref idref="oc-b0"/>
            <object_component_ref idref="oc-3f"/>
            <object_component_ref idref="oc-42"/>
            <object_component_ref idref="oc-ad"/>
            <object_component_ref idref="oc-b3"/>
            <object_component_ref idref="oc-b2"/>
            <object_component_ref idref="oc-4c"/>
            <object_component_ref idref="oc-50"/>
            <object_component_ref idref="oc-b7"/>
            <object_component_ref idref="oc-103"/>
            <object_component_ref idref="oc-f7"/>
            <object_component_ref idref="oc-d5"/>
            <object_component_ref idref="oc-aa"/>
            <object_component_ref idref="oc-ba"/>
            <object_component_ref idref="oc-bd"/>
            <object_component_ref idref="oc-be"/>
            <object_component_ref idref="oc-d8"/>
            <object_component_ref idref="oc-10f"/>
            <object_component_ref idref="oc-ff"/>
            <object_component_ref idref="oc-10e"/>
            <object_component_ref idref="oc-f0"/>
            <object_component_ref idref="oc-cd"/>
            <object_component_ref idref="oc-f4"/>
            <object_component_ref idref="oc-e4"/>
            <object_component_ref idref="oc-cb"/>
            <object_component_ref idref="oc-e8"/>
            <object_component_ref idref="oc-ed"/>
            <object_component_ref idref="oc-107"/>
            <object_component_ref idref="oc-e1"/>
            <object_component_ref idref="oc-10b"/>
            <object_component_ref idref="oc-e3"/>
            <object_component_ref idref="oc-136"/>
         </contents>
      </logical_group>
      <logical_group id="lg-128" display="never" color="cyan">
         <name>.debug_str</name>
         <load_address>0x0</load_address>
         <run_address>0x0</run_address>
         <size>0xb70</size>
         <contents>
            <object_component_ref idref="oc-a2"/>
            <object_component_ref idref="oc-a9"/>
            <object_component_ref idref="oc-44"/>
            <object_component_ref idref="oc-af"/>
            <object_component_ref idref="oc-52"/>
            <object_component_ref idref="oc-b9"/>
            <object_component_ref idref="oc-f6"/>
            <object_component_ref idref="oc-ea"/>
            <object_component_ref idref="oc-ef"/>
            <object_component_ref idref="oc-10d"/>
         </contents>
      </logical_group>
      <logical_group id="lg-12a" display="never" color="cyan">
         <name>.debug_aranges</name>
         <load_address>0x0</load_address>
         <run_address>0x0</run_address>
         <size>0x2e0</size>
         <contents>
            <object_component_ref idref="oc-33"/>
            <object_component_ref idref="oc-84"/>
            <object_component_ref idref="oc-90"/>
            <object_component_ref idref="oc-96"/>
            <object_component_ref idref="oc-2d"/>
            <object_component_ref idref="oc-8a"/>
            <object_component_ref idref="oc-27"/>
            <object_component_ref idref="oc-15"/>
            <object_component_ref idref="oc-48"/>
            <object_component_ref idref="oc-1a"/>
            <object_component_ref idref="oc-79"/>
            <object_component_ref idref="oc-3c"/>
            <object_component_ref idref="oc-55"/>
            <object_component_ref idref="oc-62"/>
            <object_component_ref idref="oc-67"/>
            <object_component_ref idref="oc-fb"/>
            <object_component_ref idref="oc-73"/>
            <object_component_ref idref="oc-6d"/>
            <object_component_ref idref="oc-c1"/>
            <object_component_ref idref="oc-c8"/>
         </contents>
      </logical_group>
      <logical_group id="lg-12c" display="never" color="cyan">
         <name>.debug_pubnames</name>
         <load_address>0x0</load_address>
         <run_address>0x0</run_address>
         <size>0x462</size>
         <contents>
            <object_component_ref idref="oc-9c"/>
            <object_component_ref idref="oc-34"/>
            <object_component_ref idref="oc-85"/>
            <object_component_ref idref="oc-91"/>
            <object_component_ref idref="oc-97"/>
            <object_component_ref idref="oc-11"/>
            <object_component_ref idref="oc-2e"/>
            <object_component_ref idref="oc-8b"/>
            <object_component_ref idref="oc-26"/>
            <object_component_ref idref="oc-17"/>
            <object_component_ref idref="oc-49"/>
            <object_component_ref idref="oc-1b"/>
            <object_component_ref idref="oc-d1"/>
            <object_component_ref idref="oc-7a"/>
            <object_component_ref idref="oc-3d"/>
            <object_component_ref idref="oc-56"/>
            <object_component_ref idref="oc-63"/>
            <object_component_ref idref="oc-68"/>
            <object_component_ref idref="oc-7f"/>
            <object_component_ref idref="oc-d4"/>
            <object_component_ref idref="oc-fc"/>
            <object_component_ref idref="oc-74"/>
            <object_component_ref idref="oc-6e"/>
            <object_component_ref idref="oc-c2"/>
            <object_component_ref idref="oc-c7"/>
         </contents>
      </logical_group>
      <logical_group id="lg-12e" display="never" color="cyan">
         <name>.debug_pubtypes</name>
         <load_address>0x0</load_address>
         <run_address>0x0</run_address>
         <size>0x46a</size>
         <contents>
            <object_component_ref idref="oc-9f"/>
            <object_component_ref idref="oc-a6"/>
            <object_component_ref idref="oc-41"/>
            <object_component_ref idref="oc-ac"/>
            <object_component_ref idref="oc-4f"/>
            <object_component_ref idref="oc-b6"/>
            <object_component_ref idref="oc-d7"/>
            <object_component_ref idref="oc-102"/>
            <object_component_ref idref="oc-f3"/>
            <object_component_ref idref="oc-e7"/>
            <object_component_ref idref="oc-ec"/>
            <object_component_ref idref="oc-10a"/>
         </contents>
      </logical_group>
      <load_segment id="lg-139" display="no" color="cyan">
         <name>SEGMENT_0</name>
         <load_address>0x0</load_address>
         <run_address>0x0</run_address>
         <size>0x8ac</size>
         <flags>0x5</flags>
         <contents>
            <logical_group_ref idref="lg-3"/>
            <logical_group_ref idref="lg-4"/>
            <logical_group_ref idref="lg-6"/>
         </contents>
      </load_segment>
      <load_segment id="lg-13a" display="no" color="cyan">
         <name>SEGMENT_1</name>
         <run_address>0x20000000</run_address>
         <size>0x21c</size>
         <flags>0x6</flags>
         <contents>
            <logical_group_ref idref="lg-d"/>
            <logical_group_ref idref="lg-a"/>
            <logical_group_ref idref="lg-b"/>
         </contents>
      </load_segment>
   </logical_group_list>
   <placement_map>
      <memory_area display="yes" color="green">
         <name>FLASH</name>
         <page_id>0x0</page_id>
         <origin>0x0</origin>
         <length>0x40000</length>
         <used_space>0x8ac</used_space>
         <unused_space>0x3f754</unused_space>
         <attributes>RX</attributes>
         <usage_details>
            <allocated_space>
               <start_address>0x0</start_address>
               <size>0x26c</size>
               <logical_group_ref idref="lg-3"/>
            </allocated_space>
            <allocated_space>
               <start_address>0x26c</start_address>
               <size>0x604</size>
               <logical_group_ref idref="lg-4"/>
            </allocated_space>
            <allocated_space>
               <start_address>0x870</start_address>
               <size>0x3c</size>
               <logical_group_ref idref="lg-6"/>
            </allocated_space>
            <available_space>
               <start_address>0x8ac</start_address>
               <size>0x3f754</size>
            </available_space>
         </usage_details>
      </memory_area>
      <memory_area display="yes" color="green">
         <name>SRAM</name>
         <page_id>0x0</page_id>
         <origin>0x20000000</origin>
         <length>0x8000</length>
         <used_space>0x21c</used_space>
         <unused_space>0x7de4</unused_space>
         <attributes>RWX</attributes>
         <usage_details>
            <allocated_space>
               <start_address>0x20000000</start_address>
               <size>0x200</size>
               <logical_group_ref idref="lg-d"/>
            </allocated_space>
            <allocated_space>
               <start_address>0x20000200</start_address>
               <size>0x18</size>
               <logical_group_ref idref="lg-a"/>
            </allocated_space>
            <allocated_space>
               <start_address>0x20000218</start_address>
               <size>0x4</size>
               <logical_group_ref idref="lg-b"/>
            </allocated_space>
            <available_space>
               <start_address>0x2000021c</start_address>
               <size>0x7de4</size>
            </available_space>
         </usage_details>
      </memory_area>
   </placement_map>
   <cptbl_list>
      <cptbl>
         <name>__TI_cinit_table</name>
         <cprec>
            <name>.data</name>
            <load_address>0x870</load_address>
            <load_size>0x16</load_size>
            <run_address>0x20000200</run_address>
            <run_size>0x18</run_size>
            <compression>rle</compression>
         </cprec>
         <cprec>
            <name>.bss</name>
            <load_address>0x888</load_address>
            <load_size>0x9</load_size>
            <run_address>0x20000218</run_address>
            <run_size>0x4</run_size>
            <compression>rle</compression>
         </cprec>
      </cptbl>
   </cptbl_list>
   <handler_table>
      <handler_table_name>__TI_handler_table</handler_table_name>
      <handler>
         <index>0x0</index>
         <name>__TI_decompress_rle24</name>
      </handler>
      <handler>
         <index>0x1</index>
         <name>__TI_decompress_none</name>
      </handler>
   </handler_table>
   <symbol_table>
      <symbol id="sm-1">
         <name>__STACK_TOP</name>
         <value>0x20000200</value>
      </symbol>
      <symbol id="sm-2">
         <name>__TI_CINIT_Base</name>
         <value>0x89c</value>
      </symbol>
      <symbol id="sm-3">
         <name>__TI_CINIT_Limit</name>
         <value>0x8ac</value>
      </symbol>
      <symbol id="sm-4">
         <name>__TI_Handler_Table_Base</name>
         <value>0x894</value>
      </symbol>
      <symbol id="sm-5">
         <name>__TI_Handler_Table_Limit</name>
         <value>0x89c</value>
      </symbol>
      <symbol id="sm-6">
         <name>binit</name>
         <value>0xffffffff</value>
      </symbol>
      <symbol id="sm-7">
         <name>__binit__</name>
         <value>0xffffffff</value>
      </symbol>
      <symbol id="sm-8">
         <name>__STACK_SIZE</name>
         <value>0x200</value>
      </symbol>
      <symbol id="sm-9">
         <name>__STACK_END</name>
         <value>0x20000200</value>
      </symbol>
      <symbol id="sm-a">
         <name>__c_args__</name>
         <value>0xffffffff</value>
      </symbol>
      <symbol id="sm-b">
         <name>__TI_pprof_out_hndl</name>
         <value>0xffffffff</value>
      </symbol>
      <symbol id="sm-c">
         <name>__TI_prof_data_start</name>
         <value>0xffffffff</value>
      </symbol>
      <symbol id="sm-d">
         <name>__TI_prof_data_size</name>
         <value>0xffffffff</value>
      </symbol>
      <symbol id="sm-4a">
         <name>led</name>
         <value>0x20000218</value>
      </symbol>
      <symbol id="sm-4b">
         <name>systick_handler</name>
         <value>0x36d</value>
         <object_component_ref idref="oc-31"/>
      </symbol>
      <symbol id="sm-4c">
         <name>main</name>
         <value>0x37b</value>
         <object_component_ref idref="oc-31"/>
      </symbol>
      <symbol id="sm-5b">
         <name>pll_init</name>
         <value>0x525</value>
         <object_component_ref idref="oc-82"/>
      </symbol>
      <symbol id="sm-72">
         <name>portF_init</name>
         <value>0x599</value>
         <object_component_ref idref="oc-8e"/>
      </symbol>
      <symbol id="sm-81">
         <name>systick_init</name>
         <value>0x7d9</value>
         <object_component_ref idref="oc-94"/>
      </symbol>
      <symbol id="sm-9d">
         <name>ResetISR</name>
         <value>0x85b</value>
         <object_component_ref idref="oc-2b"/>
      </symbol>
      <symbol id="sm-9e">
         <name>g_pfnVectors</name>
         <value>0x0</value>
         <object_component_ref idref="oc-f"/>
      </symbol>
      <symbol id="sm-c1">
         <name>UART0_init</name>
         <value>0x26d</value>
         <object_component_ref idref="oc-88"/>
      </symbol>
      <symbol id="sm-c2">
         <name>UART0_OutString</name>
         <value>0x30d</value>
         <object_component_ref idref="oc-88"/>
      </symbol>
      <symbol id="sm-c3">
         <name>UART0_InChar</name>
         <value>0x2dd</value>
         <object_component_ref idref="oc-88"/>
      </symbol>
      <symbol id="sm-c4">
         <name>UART0_OutChar</name>
         <value>0x2f1</value>
         <object_component_ref idref="oc-88"/>
      </symbol>
      <symbol id="sm-d5">
         <name>_c_int00</name>
         <value>0x6e5</value>
         <object_component_ref idref="oc-24"/>
      </symbol>
      <symbol id="sm-d6">
         <name>__stack</name>
         <value>0x20000000</value>
         <object_component_ref idref="oc-2a"/>
      </symbol>
      <symbol id="sm-ed">
         <name>__TI_decompress_none</name>
         <value>0x84d</value>
         <object_component_ref idref="oc-12"/>
      </symbol>
      <symbol id="sm-115">
         <name>__TI_decompress_rle24</name>
         <value>0x867</value>
         <object_component_ref idref="oc-18"/>
      </symbol>
      <symbol id="sm-137">
         <name>C$$EXIT</name>
         <value>0x739</value>
         <object_component_ref idref="oc-77"/>
      </symbol>
      <symbol id="sm-138">
         <name>abort</name>
         <value>0x73d</value>
         <object_component_ref idref="oc-77"/>
      </symbol>
      <symbol id="sm-139">
         <name>exit</name>
         <value>0x745</value>
         <object_component_ref idref="oc-77"/>
      </symbol>
      <symbol id="sm-13a">
         <name>__TI_dtors_ptr</name>
         <value>0x20000204</value>
         <object_component_ref idref="oc-cf"/>
      </symbol>
      <symbol id="sm-13b">
         <name>__TI_cleanup_ptr</name>
         <value>0x20000200</value>
         <object_component_ref idref="oc-cf"/>
      </symbol>
      <symbol id="sm-13c">
         <name>__TI_enable_exit_profile_output</name>
         <value>0x20000208</value>
         <object_component_ref idref="oc-cf"/>
      </symbol>
      <symbol id="sm-157">
         <name>memcpy</name>
         <value>0x40d</value>
         <object_component_ref idref="oc-3a"/>
      </symbol>
      <symbol id="sm-158">
         <name>__aeabi_memcpy</name>
         <value>0x40d</value>
         <object_component_ref idref="oc-3a"/>
      </symbol>
      <symbol id="sm-159">
         <name>__aeabi_memcpy8</name>
         <value>0x40d</value>
         <object_component_ref idref="oc-3a"/>
      </symbol>
      <symbol id="sm-15a">
         <name>__aeabi_memcpy4</name>
         <value>0x40d</value>
         <object_component_ref idref="oc-3a"/>
      </symbol>
      <symbol id="sm-169">
         <name>__aeabi_memset</name>
         <value>0x4ab</value>
         <object_component_ref idref="oc-53"/>
      </symbol>
      <symbol id="sm-16a">
         <name>memset</name>
         <value>0x4b1</value>
         <object_component_ref idref="oc-53"/>
      </symbol>
      <symbol id="sm-16b">
         <name>__aeabi_memset8</name>
         <value>0x4ab</value>
         <object_component_ref idref="oc-53"/>
      </symbol>
      <symbol id="sm-16c">
         <name>__aeabi_memset4</name>
         <value>0x4ab</value>
         <object_component_ref idref="oc-53"/>
      </symbol>
      <symbol id="sm-16d">
         <name>__aeabi_memclr8</name>
         <value>0x4a9</value>
         <object_component_ref idref="oc-53"/>
      </symbol>
      <symbol id="sm-16e">
         <name>__aeabi_memclr4</name>
         <value>0x4a9</value>
         <object_component_ref idref="oc-53"/>
      </symbol>
      <symbol id="sm-16f">
         <name>__aeabi_memclr</name>
         <value>0x4a9</value>
         <object_component_ref idref="oc-53"/>
      </symbol>
      <symbol id="sm-179">
         <name>__mpu_init</name>
         <value>0x523</value>
         <object_component_ref idref="oc-5f"/>
      </symbol>
      <symbol id="sm-183">
         <name>_system_pre_init</name>
         <value>0x86d</value>
         <object_component_ref idref="oc-65"/>
      </symbol>
      <symbol id="sm-18b">
         <name>main_func_sp</name>
         <value>0x20000214</value>
         <object_component_ref idref="oc-7d"/>
      </symbol>
      <symbol id="sm-1a4">
         <name>_nop</name>
         <value>0x847</value>
         <object_component_ref idref="oc-f9"/>
      </symbol>
      <symbol id="sm-1a5">
         <name>_lock</name>
         <value>0x2000020c</value>
         <object_component_ref idref="oc-d2"/>
      </symbol>
      <symbol id="sm-1a6">
         <name>_unlock</name>
         <value>0x20000210</value>
         <object_component_ref idref="oc-d2"/>
      </symbol>
      <symbol id="sm-1a7">
         <name>_register_lock</name>
         <value>0x83f</value>
         <object_component_ref idref="oc-f9"/>
      </symbol>
      <symbol id="sm-1a8">
         <name>_register_unlock</name>
         <value>0x839</value>
         <object_component_ref idref="oc-f9"/>
      </symbol>
      <symbol id="sm-1bc">
         <name>_args_main</name>
         <value>0x821</value>
         <object_component_ref idref="oc-71"/>
      </symbol>
      <symbol id="sm-1e1">
         <name>__TI_auto_init</name>
         <value>0x609</value>
         <object_component_ref idref="oc-6b"/>
      </symbol>
      <symbol id="sm-1fb">
         <name>copy_in</name>
         <value>0x78d</value>
         <object_component_ref idref="oc-bf"/>
      </symbol>
      <symbol id="sm-205">
         <name>_system_post_cinit</name>
         <value>0x6e3</value>
         <object_component_ref idref="oc-c5"/>
      </symbol>
      <symbol id="sm-206">
         <name>__TI_static_base__</name>
         <value>0x0</value>
      </symbol>
      <symbol id="sm-209">
         <name>SHT$$INIT_ARRAY$$Limit</name>
         <value>0x0</value>
      </symbol>
      <symbol id="sm-20a">
         <name>SHT$$INIT_ARRAY$$Base</name>
         <value>0x0</value>
      </symbol>
   </symbol_table>
   <title>Link successful</title>
</link_info>
