******************************************************************************
                  TI ARM Linker PC v15.12.3                    
******************************************************************************
>> Linked Sat Nov 05 13:16:20 2016

OUTPUT FILE NAME:   <uart0_test.out>
ENTRY POINT SYMBOL: "_c_int00"  address: 000006e5


MEMORY CONFIGURATION

         name            origin    length      used     unused   attr    fill
----------------------  --------  ---------  --------  --------  ----  --------
  FLASH                 00000000   00040000  000008ac  0003f754  R  X
  SRAM                  20000000   00008000  0000021c  00007de4  RW X


SEGMENT ALLOCATION MAP

run origin  load origin   length   init length attrs members
----------  ----------- ---------- ----------- ----- -------
00000000    00000000    000008ac   000008ac    r-x
  00000000    00000000    0000026c   0000026c    r-- .intvecs
  0000026c    0000026c    00000604   00000604    r-x .text
  00000870    00000870    0000003c   0000003c    r-- .cinit
20000000    20000000    0000021c   00000000    rw-
  20000000    20000000    00000200   00000000    rw- .stack
  20000200    20000200    00000018   00000000    rw- .data
  20000218    20000218    00000004   00000000    rw- .bss


SECTION ALLOCATION MAP

 output                                  attributes/
section   page    origin      length       input sections
--------  ----  ----------  ----------   ----------------
.intvecs   0    00000000    0000026c     
                  00000000    0000026c     tm4c123gh6pm_startup_ccs.obj (.intvecs)

.text      0    0000026c    00000604     
                  0000026c    00000100     uart0.obj (.text)
                  0000036c    000000a0     main.obj (.text)
                  0000040c    0000009c     rtsv7M4_T_le_v4SPD16_eabi.lib : memcpy_t2.obj (.text)
                  000004a8    0000007a                                   : memset_t2.obj (.text)
                  00000522    00000002                                   : mpu_init.obj (.text)
                  00000524    00000074     pll.obj (.text)
                  00000598    00000070     portF.obj (.text)
                  00000608    00000070     rtsv7M4_T_le_v4SPD16_eabi.lib : autoinit.obj (.text)
                  00000678    0000006a                                   : copy_decompress_rle.obj (.text)
                  000006e2    00000002                                   : startup.obj (.text)
                  000006e4    00000054                                   : boot.obj (.text)
                  00000738    00000054                                   : exit.obj (.text)
                  0000078c    0000004c                                   : cpy_tbl.obj (.text)
                  000007d8    00000048     systick.obj (.text)
                  00000820    00000018     rtsv7M4_T_le_v4SPD16_eabi.lib : args_main.obj (.text)
                  00000838    00000014                                   : _lock.obj (.text)
                  0000084c    0000000e                                   : copy_decompress_none.obj (.text:decompress:none)
                  0000085a    0000000c     tm4c123gh6pm_startup_ccs.obj (.text)
                  00000866    00000006     rtsv7M4_T_le_v4SPD16_eabi.lib : copy_decompress_rle.obj (.text:decompress:rle24)
                  0000086c    00000004                                   : pre_init.obj (.text)

.cinit     0    00000870    0000003c     
                  00000870    00000016     (.cinit..data.load) [load image, compression = rle]
                  00000886    00000002     --HOLE-- [fill = 0]
                  00000888    00000009     (.cinit..bss.load) [load image, compression = rle]
                  00000891    00000003     --HOLE-- [fill = 0]
                  00000894    00000008     (__TI_handler_table)
                  0000089c    00000010     (__TI_cinit_table)

.init_array 
*          0    00000000    00000000     UNINITIALIZED

.stack     0    20000000    00000200     UNINITIALIZED
                  20000000    00000200     --HOLE--

.data      0    20000200    00000018     UNINITIALIZED
                  20000200    0000000c     rtsv7M4_T_le_v4SPD16_eabi.lib : exit.obj (.data:$O1$$)
                  2000020c    00000008                                   : _lock.obj (.data:$O1$$)
                  20000214    00000004                                   : stkdepth_vars.obj (.data)

.bss       0    20000218    00000004     UNINITIALIZED
                  20000218    00000004     (.common:led)

MODULE SUMMARY

       Module                         code   ro data   rw data
       ------                         ----   -------   -------
    .\
       tm4c123gh6pm_startup_ccs.obj   12     620       0      
       uart0.obj                      256    0         0      
       main.obj                       160    0         4      
       pll.obj                        116    0         0      
       portF.obj                      112    0         0      
       systick.obj                    72     0         0      
    +--+------------------------------+------+---------+---------+
       Total:                         728    620       4      
                                                              
    C:\ti\ccsv6\tools\compiler\arm_15.12.3.LTS\lib\rtsv7M4_T_le_v4SPD16_eabi.lib
       memcpy_t2.obj                  156    0         0      
       memset_t2.obj                  122    0         0      
       autoinit.obj                   112    0         0      
       copy_decompress_rle.obj        112    0         0      
       exit.obj                       84     0         12     
       boot.obj                       84     0         0      
       cpy_tbl.obj                    76     0         0      
       _lock.obj                      20     0         8      
       args_main.obj                  24     0         0      
       copy_decompress_none.obj       14     0         0      
       pre_init.obj                   4      0         0      
       stkdepth_vars.obj              0      0         4      
       mpu_init.obj                   2      0         0      
       startup.obj                    2      0         0      
    +--+------------------------------+------+---------+---------+
       Total:                         812    0         24     
                                                              
       Stack:                         0      0         512    
       Linker Generated:              0      55        0      
    +--+------------------------------+------+---------+---------+
       Grand Total:                   1540   675       540    


LINKER GENERATED COPY TABLES

__TI_cinit_table @ 0000089c records: 2, size/record: 8, table size: 16
	.data: load addr=00000870, load size=00000016 bytes, run addr=20000200, run size=00000018 bytes, compression=rle
	.bss: load addr=00000888, load size=00000009 bytes, run addr=20000218, run size=00000004 bytes, compression=rle


LINKER GENERATED HANDLER TABLE

__TI_handler_table @ 00000894 records: 2, size/record: 4, table size: 8
	index: 0, handler: __TI_decompress_rle24
	index: 1, handler: __TI_decompress_none


GLOBAL SYMBOLS: SORTED ALPHABETICALLY BY Name 

address   name                           
-------   ----                           
00000739  C$$EXIT                        
0000085b  ResetISR                       
UNDEFED   SHT$$INIT_ARRAY$$Base          
UNDEFED   SHT$$INIT_ARRAY$$Limit         
000002dd  UART0_InChar                   
000002f1  UART0_OutChar                  
0000030d  UART0_OutString                
0000026d  UART0_init                     
20000200  __STACK_END                    
00000200  __STACK_SIZE                   
20000200  __STACK_TOP                    
0000089c  __TI_CINIT_Base                
000008ac  __TI_CINIT_Limit               
00000894  __TI_Handler_Table_Base        
0000089c  __TI_Handler_Table_Limit       
00000609  __TI_auto_init                 
20000200  __TI_cleanup_ptr               
0000084d  __TI_decompress_none           
00000867  __TI_decompress_rle24          
20000204  __TI_dtors_ptr                 
20000208  __TI_enable_exit_profile_output
ffffffff  __TI_pprof_out_hndl            
ffffffff  __TI_prof_data_size            
ffffffff  __TI_prof_data_start           
00000000  __TI_static_base__             
000004a9  __aeabi_memclr                 
000004a9  __aeabi_memclr4                
000004a9  __aeabi_memclr8                
0000040d  __aeabi_memcpy                 
0000040d  __aeabi_memcpy4                
0000040d  __aeabi_memcpy8                
000004ab  __aeabi_memset                 
000004ab  __aeabi_memset4                
000004ab  __aeabi_memset8                
ffffffff  __binit__                      
ffffffff  __c_args__                     
00000523  __mpu_init                     
20000000  __stack                        
00000821  _args_main                     
000006e5  _c_int00                       
2000020c  _lock                          
00000847  _nop                           
0000083f  _register_lock                 
00000839  _register_unlock               
000006e3  _system_post_cinit             
0000086d  _system_pre_init               
20000210  _unlock                        
0000073d  abort                          
ffffffff  binit                          
0000078d  copy_in                        
00000745  exit                           
00000000  g_pfnVectors                   
20000218  led                            
0000037b  main                           
20000214  main_func_sp                   
0000040d  memcpy                         
000004b1  memset                         
00000525  pll_init                       
00000599  portF_init                     
0000036d  systick_handler                
000007d9  systick_init                   


GLOBAL SYMBOLS: SORTED BY Symbol Address 

address   name                           
-------   ----                           
00000000  __TI_static_base__             
00000000  g_pfnVectors                   
00000200  __STACK_SIZE                   
0000026d  UART0_init                     
000002dd  UART0_InChar                   
000002f1  UART0_OutChar                  
0000030d  UART0_OutString                
0000036d  systick_handler                
0000037b  main                           
0000040d  __aeabi_memcpy                 
0000040d  __aeabi_memcpy4                
0000040d  __aeabi_memcpy8                
0000040d  memcpy                         
000004a9  __aeabi_memclr                 
000004a9  __aeabi_memclr4                
000004a9  __aeabi_memclr8                
000004ab  __aeabi_memset                 
000004ab  __aeabi_memset4                
000004ab  __aeabi_memset8                
000004b1  memset                         
00000523  __mpu_init                     
00000525  pll_init                       
00000599  portF_init                     
00000609  __TI_auto_init                 
000006e3  _system_post_cinit             
000006e5  _c_int00                       
00000739  C$$EXIT                        
0000073d  abort                          
00000745  exit                           
0000078d  copy_in                        
000007d9  systick_init                   
00000821  _args_main                     
00000839  _register_unlock               
0000083f  _register_lock                 
00000847  _nop                           
0000084d  __TI_decompress_none           
0000085b  ResetISR                       
00000867  __TI_decompress_rle24          
0000086d  _system_pre_init               
00000894  __TI_Handler_Table_Base        
0000089c  __TI_CINIT_Base                
0000089c  __TI_Handler_Table_Limit       
000008ac  __TI_CINIT_Limit               
20000000  __stack                        
20000200  __STACK_END                    
20000200  __STACK_TOP                    
20000200  __TI_cleanup_ptr               
20000204  __TI_dtors_ptr                 
20000208  __TI_enable_exit_profile_output
2000020c  _lock                          
20000210  _unlock                        
20000214  main_func_sp                   
20000218  led                            
ffffffff  __TI_pprof_out_hndl            
ffffffff  __TI_prof_data_size            
ffffffff  __TI_prof_data_start           
ffffffff  __binit__                      
ffffffff  __c_args__                     
ffffffff  binit                          
UNDEFED   SHT$$INIT_ARRAY$$Base          
UNDEFED   SHT$$INIT_ARRAY$$Limit         

[61 symbols]
